../Core/Src/app_threadx.c:79:6:App_ThreadX_Init	56	static
../Core/Src/app_threadx.c:105:6:MX_ThreadX_Init	8	static
../Core/Src/app_threadx.c:123:6:App_ThreadX_LowPower_Timer_Setup	24	static
../Core/Src/app_threadx.c:140:6:App_ThreadX_LowPower_Enter	8	static
../Core/Src/app_threadx.c:155:6:App_ThreadX_LowPower_Exit	8	static
../Core/Src/app_threadx.c:174:7:App_ThreadX_LowPower_Timer_Adjust	16	static
../Core/Src/app_threadx.c:190:6:menu_task	32	static
../Core/Src/app_threadx.c:203:6:debounce_task	24	static
