../Core/Src/main.c:81:5:main	8	static
../Core/Src/main.c:137:6:SystemClock_Config	96	static
../Core/Src/main.c:194:13:MX_ADC1_Init	32	static
../Core/Src/main.c:253:13:MX_LPTIM1_Init	8	static
../Core/Src/main.c:287:13:MX_RTC_Init	32	static
../Core/Src/main.c:358:13:MX_SPI1_Init	8	static
../Core/Src/main.c:398:13:MX_TIM16_Init	8	static
../Core/Src/main.c:430:13:MX_USART2_UART_Init	8	static
../Core/Src/main.c:465:13:MX_GPIO_Init	40	static
../Core/Src/main.c:513:13:HAL_RTCEx_WakeUpTimerEventCallback	16	static
../Core/Src/main.c:528:6:HAL_TIM_PeriodElapsedCallback	16	static
../Core/Src/main.c:545:6:Error_Handler	4	static,ignoring_inline_asm
