../Core/Src/main.c:108:5:main	8	static
../Core/Src/main.c:201:6:SystemClock_Config	96	static
../Core/Src/main.c:256:13:MX_ADC1_Init	32	static
../Core/Src/main.c:315:13:MX_RTC_Init	32	static
../Core/Src/main.c:386:13:MX_SPI1_Init	8	static
../Core/Src/main.c:426:13:MX_TIM16_Init	8	static
../Core/Src/main.c:458:13:MX_USART2_UART_Init	8	static
../Core/Src/main.c:493:13:MX_GPIO_Init	40	static
../Core/Src/main.c:551:6:menu_task	32	static
../Core/Src/main.c:582:6:debounce_task	24	static
../Core/Src/main.c:636:6:HAL_TIM_PeriodElapsedCallback	16	static
../Core/Src/main.c:653:6:Error_Handler	4	static,ignoring_inline_asm
