D:/githubs/fmc-320a/libs/fm_calendar/fm_calendar.c:64:6:fm_calendar_get	8	static
D:/githubs/fmc-320a/libs/fm_calendar/fm_calendar.c:74:5:fm_calendar_get_hour	8	static
D:/githubs/fmc-320a/libs/fm_calendar/fm_calendar.c:79:5:fm_calendar_get_minute	8	static
D:/githubs/fmc-320a/libs/fm_calendar/fm_calendar.c:84:5:fm_calendar_get_second	8	static
D:/githubs/fmc-320a/libs/fm_calendar/fm_calendar.c:89:5:fm_calendar_get_day	8	static
D:/githubs/fmc-320a/libs/fm_calendar/fm_calendar.c:94:5:fm_calendar_get_month	8	static
D:/githubs/fmc-320a/libs/fm_calendar/fm_calendar.c:99:5:fm_calendar_get_year	8	static
D:/githubs/fmc-320a/libs/fm_calendar/fm_calendar.c:110:5:fm_calendar_format_time	40	static
D:/githubs/fmc-320a/libs/fm_calendar/fm_calendar.c:134:5:fm_calendar_format_date	40	static
