D:/githubs/fmc-320a/libs/fm_calendar/fm_calendar.c:64:6:fm_calendar_get	8	static
D:/githubs/fmc-320a/libs/fm_calendar/fm_calendar.c:70:5:fm_calendar_get_hour	8	static
D:/githubs/fmc-320a/libs/fm_calendar/fm_calendar.c:75:5:fm_calendar_get_minute	8	static
D:/githubs/fmc-320a/libs/fm_calendar/fm_calendar.c:80:5:fm_calendar_get_second	8	static
D:/githubs/fmc-320a/libs/fm_calendar/fm_calendar.c:85:5:fm_calendar_get_day	8	static
D:/githubs/fmc-320a/libs/fm_calendar/fm_calendar.c:90:5:fm_calendar_get_month	8	static
D:/githubs/fmc-320a/libs/fm_calendar/fm_calendar.c:95:5:fm_calendar_get_year	8	static
D:/githubs/fmc-320a/libs/fm_calendar/fm_calendar.c:106:5:fm_calendar_format_time	40	static
D:/githubs/fmc-320a/libs/fm_calendar/fm_calendar.c:130:5:fm_calendar_format_date	40	static
