D:/githubs/fmc-320a/libs/fm_lcd/fm_lcd.c:59:6:fm_lcd_acm_rate	232	static
D:/githubs/fmc-320a/libs/fm_lcd/fm_lcd.c:88:6:fm_lcd_acm_temp	144	static
D:/githubs/fmc-320a/libs/fm_lcd/fm_lcd.c:115:6:fm_lcd_battery_low	16	static
D:/githubs/fmc-320a/libs/fm_lcd/fm_lcd.c:125:6:fm_lcd_clear	8	static
D:/githubs/fmc-320a/libs/fm_lcd/fm_lcd.c:137:6:fm_lcd_date_hour	72	static
D:/githubs/fmc-320a/libs/fm_lcd/fm_lcd.c:232:6:fm_lcd_format_number_in_line	24	static
D:/githubs/fmc-320a/libs/fm_lcd/fm_lcd.c:254:5:fm_lcd_fp_add_dot	40	static
D:/githubs/fmc-320a/libs/fm_lcd/fm_lcd.c:304:5:fm_lcd_fp_to_str	40	static
D:/githubs/fmc-320a/libs/fm_lcd/fm_lcd.c:388:6:fm_lcd_init	8	static
D:/githubs/fmc-320a/libs/fm_lcd/fm_lcd.c:400:6:fm_lcd_k_factor	64	static
D:/githubs/fmc-320a/libs/fm_lcd/fm_lcd.c:429:6:fm_lcd_k_lin	72	static
D:/githubs/fmc-320a/libs/fm_lcd/fm_lcd.c:506:6:fm_lcd_puts	24	static
D:/githubs/fmc-320a/libs/fm_lcd/fm_lcd.c:541:6:fm_lcd_refresh	8	static
D:/githubs/fmc-320a/libs/fm_lcd/fm_lcd.c:553:6:fm_lcd_ttl_rate	232	static
D:/githubs/fmc-320a/libs/fm_lcd/fm_lcd.c:581:6:fm_lcd_units_tim	160	static
D:/githubs/fmc-320a/libs/fm_lcd/fm_lcd.c:630:6:fm_lcd_units_vol	160	static
D:/githubs/fmc-320a/libs/fm_lcd/fm_lcd.c:685:6:fm_lcd_version	32	static
