D:/githubs/fmc-320a/libs/fm_lcd/fm_lcd.c:59:6:fm_lcd_acm_rate	232	static
D:/githubs/fmc-320a/libs/fm_lcd/fm_lcd.c:88:6:fm_lcd_acm_temp	144	static
D:/githubs/fmc-320a/libs/fm_lcd/fm_lcd.c:115:6:fm_lcd_battery_low	16	static
D:/githubs/fmc-320a/libs/fm_lcd/fm_lcd.c:125:6:fm_lcd_clear	8	static
D:/githubs/fmc-320a/libs/fm_lcd/fm_lcd.c:137:6:fm_lcd_date_hour	72	static
D:/githubs/fmc-320a/libs/fm_lcd/fm_lcd.c:177:6:fm_lcd_format_number_in_line	24	static
D:/githubs/fmc-320a/libs/fm_lcd/fm_lcd.c:199:5:fm_lcd_fp_add_dot	40	static
D:/githubs/fmc-320a/libs/fm_lcd/fm_lcd.c:249:5:fm_lcd_fp_to_str	40	static
D:/githubs/fmc-320a/libs/fm_lcd/fm_lcd.c:333:6:fm_lcd_init	8	static
D:/githubs/fmc-320a/libs/fm_lcd/fm_lcd.c:345:6:fm_lcd_k_factor	56	static
D:/githubs/fmc-320a/libs/fm_lcd/fm_lcd.c:363:6:fm_lcd_puts	24	static
D:/githubs/fmc-320a/libs/fm_lcd/fm_lcd.c:398:6:fm_lcd_refresh	8	static
D:/githubs/fmc-320a/libs/fm_lcd/fm_lcd.c:410:6:fm_lcd_ttl_rate	232	static
D:/githubs/fmc-320a/libs/fm_lcd/fm_lcd.c:438:6:fm_lcd_units_tim	88	static
D:/githubs/fmc-320a/libs/fm_lcd/fm_lcd.c:458:6:fm_lcd_units_vol	88	static
D:/githubs/fmc-320a/libs/fm_lcd/fm_lcd.c:479:6:fm_lcd_version	32	static
