D:/githubs/fmc-320a/libs/fm_lcd/fm_lcd.c:58:6:fm_lcd_acm_rate	232	static
D:/githubs/fmc-320a/libs/fm_lcd/fm_lcd.c:87:6:fm_lcd_acm_temp	144	static
D:/githubs/fmc-320a/libs/fm_lcd/fm_lcd.c:114:6:fm_lcd_battery_low	16	static
D:/githubs/fmc-320a/libs/fm_lcd/fm_lcd.c:124:6:fm_lcd_clear	8	static
D:/githubs/fmc-320a/libs/fm_lcd/fm_lcd.c:136:6:fm_lcd_date_hour	32	static
D:/githubs/fmc-320a/libs/fm_lcd/fm_lcd.c:159:6:fm_lcd_format_number_in_line	24	static
D:/githubs/fmc-320a/libs/fm_lcd/fm_lcd.c:181:5:fm_lcd_fp_add_dot	40	static
D:/githubs/fmc-320a/libs/fm_lcd/fm_lcd.c:231:5:fm_lcd_fp_to_str	40	static
D:/githubs/fmc-320a/libs/fm_lcd/fm_lcd.c:318:6:fm_lcd_init	8	static
D:/githubs/fmc-320a/libs/fm_lcd/fm_lcd.c:337:6:fm_lcd_k_factor	88	static
D:/githubs/fmc-320a/libs/fm_lcd/fm_lcd.c:355:6:fm_lcd_puts	24	static
D:/githubs/fmc-320a/libs/fm_lcd/fm_lcd.c:390:6:fm_lcd_refresh	8	static
D:/githubs/fmc-320a/libs/fm_lcd/fm_lcd.c:402:6:fm_lcd_ttl_rate	232	static
D:/githubs/fmc-320a/libs/fm_lcd/fm_lcd.c:430:6:fm_lcd_units_tim	88	static
D:/githubs/fmc-320a/libs/fm_lcd/fm_lcd.c:450:6:fm_lcd_units_vol	88	static
D:/githubs/fmc-320a/libs/fm_lcd/fm_lcd.c:471:6:fm_lcd_version	32	static
