D:/githubs/fmc-320a/libs/fm_lcd/lcd.c:164:6:lcd_clear_all	16	static
D:/githubs/fmc-320a/libs/fm_lcd/lcd.c:191:6:lcd_clear_point	16	static
D:/githubs/fmc-320a/libs/fm_lcd/lcd.c:256:6:lcd_clear_symbol	16	static
D:/githubs/fmc-320a/libs/fm_lcd/lcd.c:381:6:lcd_init	8	static
D:/githubs/fmc-320a/libs/fm_lcd/lcd.c:392:6:lcd_put_char	16	static
D:/githubs/fmc-320a/libs/fm_lcd/lcd.c:565:6:lcd_refresh	8	static
D:/githubs/fmc-320a/libs/fm_lcd/lcd.c:575:6:lcd_set_point	16	static
D:/githubs/fmc-320a/libs/fm_lcd/lcd.c:639:6:lcd_set_symbol	16	static
D:/githubs/fmc-320a/libs/fm_lcd/lcd.c:763:6:lcd_set_time_unit	16	static
D:/githubs/fmc-320a/libs/fm_lcd/lcd.c:790:6:lcd_set_vol_unit	16	static
D:/githubs/fmc-320a/libs/fm_lcd/lcd.c:899:6:lcd_write_line	24	static
