D:/githubs/fmc-320a/libs/fm_lcd/lcd.c:164:6:lcd_clear_all	16	static
D:/githubs/fmc-320a/libs/fm_lcd/lcd.c:191:6:lcd_clear_point	16	static
D:/githubs/fmc-320a/libs/fm_lcd/lcd.c:256:6:lcd_clear_symbol	16	static
D:/githubs/fmc-320a/libs/fm_lcd/lcd.c:381:6:lcd_clear_digit	16	static
D:/githubs/fmc-320a/libs/fm_lcd/lcd.c:486:6:lcd_init	8	static
D:/githubs/fmc-320a/libs/fm_lcd/lcd.c:497:6:lcd_put_char	16	static
D:/githubs/fmc-320a/libs/fm_lcd/lcd.c:670:6:lcd_refresh	8	static
D:/githubs/fmc-320a/libs/fm_lcd/lcd.c:680:6:lcd_set_point	16	static
D:/githubs/fmc-320a/libs/fm_lcd/lcd.c:744:6:lcd_set_symbol	16	static
D:/githubs/fmc-320a/libs/fm_lcd/lcd.c:916:6:lcd_set_time_unit	16	static
D:/githubs/fmc-320a/libs/fm_lcd/lcd.c:943:6:lcd_set_vol_unit	16	static
D:/githubs/fmc-320a/libs/fm_lcd/lcd.c:1052:6:lcd_write_line	24	static
