D:/githubs/fmc-320a/libs/fm_lcd/pcf8553.c:161:13:prepare_to_send	24	static
D:/githubs/fmc-320a/libs/fm_lcd/pcf8553.c:175:13:spi1_init	8	static
D:/githubs/fmc-320a/libs/fm_lcd/pcf8553.c:209:6:pcf8553_blink	16	static
D:/githubs/fmc-320a/libs/fm_lcd/pcf8553.c:218:6:pcf8553_clear_buff	16	static
D:/githubs/fmc-320a/libs/fm_lcd/pcf8553.c:249:6:pcf8553_dump	16	static
D:/githubs/fmc-320a/libs/fm_lcd/pcf8553.c:265:6:pcf8553_init	8	static
D:/githubs/fmc-320a/libs/fm_lcd/pcf8553.c:304:6:pcf8553_reset	8	static
D:/githubs/fmc-320a/libs/fm_lcd/pcf8553.c:323:6:pcf8553_write_all	24	static
D:/githubs/fmc-320a/libs/fm_lcd/pcf8553.c:340:6:pcf8553_write_byte	16	static
