Archive member included to satisfy reference by file (symbol)

c:/st/stm32cubeide_1.12.0/stm32cubeide/plugins/com.st.stm32cube.ide.mcu.externaltools.gnu-tools-for-stm32.10.3-2021.10.win32_1.0.200.202301161003/tools/bin/../lib/gcc/arm-none-eabi/10.3.1/../../../../arm-none-eabi/lib/thumb/v7e-m+fp/hard\libc_nano.a(lib_a-atoi.o)
                              ./libs/fm_calendar/fm_calendar.o (atoi)
c:/st/stm32cubeide_1.12.0/stm32cubeide/plugins/com.st.stm32cube.ide.mcu.externaltools.gnu-tools-for-stm32.10.3-2021.10.win32_1.0.200.202301161003/tools/bin/../lib/gcc/arm-none-eabi/10.3.1/../../../../arm-none-eabi/lib/thumb/v7e-m+fp/hard\libc_nano.a(lib_a-errno.o)
                              ./Core/Src/syscalls.o (__errno)
c:/st/stm32cubeide_1.12.0/stm32cubeide/plugins/com.st.stm32cube.ide.mcu.externaltools.gnu-tools-for-stm32.10.3-2021.10.win32_1.0.200.202301161003/tools/bin/../lib/gcc/arm-none-eabi/10.3.1/../../../../arm-none-eabi/lib/thumb/v7e-m+fp/hard\libc_nano.a(lib_a-exit.o)
                              c:/st/stm32cubeide_1.12.0/stm32cubeide/plugins/com.st.stm32cube.ide.mcu.externaltools.gnu-tools-for-stm32.10.3-2021.10.win32_1.0.200.202301161003/tools/bin/../lib/gcc/arm-none-eabi/10.3.1/../../../../arm-none-eabi/lib/thumb/v7e-m+fp/hard/crt0.o (exit)
c:/st/stm32cubeide_1.12.0/stm32cubeide/plugins/com.st.stm32cube.ide.mcu.externaltools.gnu-tools-for-stm32.10.3-2021.10.win32_1.0.200.202301161003/tools/bin/../lib/gcc/arm-none-eabi/10.3.1/../../../../arm-none-eabi/lib/thumb/v7e-m+fp/hard\libc_nano.a(lib_a-findfp.o)
                              ./Middlewares/Third_Party/FreeRTOS/Source/tasks.o (__sf_fake_stderr)
c:/st/stm32cubeide_1.12.0/stm32cubeide/plugins/com.st.stm32cube.ide.mcu.externaltools.gnu-tools-for-stm32.10.3-2021.10.win32_1.0.200.202301161003/tools/bin/../lib/gcc/arm-none-eabi/10.3.1/../../../../arm-none-eabi/lib/thumb/v7e-m+fp/hard\libc_nano.a(lib_a-fwalk.o)
                              c:/st/stm32cubeide_1.12.0/stm32cubeide/plugins/com.st.stm32cube.ide.mcu.externaltools.gnu-tools-for-stm32.10.3-2021.10.win32_1.0.200.202301161003/tools/bin/../lib/gcc/arm-none-eabi/10.3.1/../../../../arm-none-eabi/lib/thumb/v7e-m+fp/hard\libc_nano.a(lib_a-findfp.o) (_fwalk)
c:/st/stm32cubeide_1.12.0/stm32cubeide/plugins/com.st.stm32cube.ide.mcu.externaltools.gnu-tools-for-stm32.10.3-2021.10.win32_1.0.200.202301161003/tools/bin/../lib/gcc/arm-none-eabi/10.3.1/../../../../arm-none-eabi/lib/thumb/v7e-m+fp/hard\libc_nano.a(lib_a-impure.o)
                              c:/st/stm32cubeide_1.12.0/stm32cubeide/plugins/com.st.stm32cube.ide.mcu.externaltools.gnu-tools-for-stm32.10.3-2021.10.win32_1.0.200.202301161003/tools/bin/../lib/gcc/arm-none-eabi/10.3.1/../../../../arm-none-eabi/lib/thumb/v7e-m+fp/hard\libc_nano.a(lib_a-exit.o) (_global_impure_ptr)
c:/st/stm32cubeide_1.12.0/stm32cubeide/plugins/com.st.stm32cube.ide.mcu.externaltools.gnu-tools-for-stm32.10.3-2021.10.win32_1.0.200.202301161003/tools/bin/../lib/gcc/arm-none-eabi/10.3.1/../../../../arm-none-eabi/lib/thumb/v7e-m+fp/hard\libc_nano.a(lib_a-init.o)
                              c:/st/stm32cubeide_1.12.0/stm32cubeide/plugins/com.st.stm32cube.ide.mcu.externaltools.gnu-tools-for-stm32.10.3-2021.10.win32_1.0.200.202301161003/tools/bin/../lib/gcc/arm-none-eabi/10.3.1/../../../../arm-none-eabi/lib/thumb/v7e-m+fp/hard/crt0.o (__libc_init_array)
c:/st/stm32cubeide_1.12.0/stm32cubeide/plugins/com.st.stm32cube.ide.mcu.externaltools.gnu-tools-for-stm32.10.3-2021.10.win32_1.0.200.202301161003/tools/bin/../lib/gcc/arm-none-eabi/10.3.1/../../../../arm-none-eabi/lib/thumb/v7e-m+fp/hard\libc_nano.a(lib_a-lock.o)
                              c:/st/stm32cubeide_1.12.0/stm32cubeide/plugins/com.st.stm32cube.ide.mcu.externaltools.gnu-tools-for-stm32.10.3-2021.10.win32_1.0.200.202301161003/tools/bin/../lib/gcc/arm-none-eabi/10.3.1/../../../../arm-none-eabi/lib/thumb/v7e-m+fp/hard\libc_nano.a(lib_a-findfp.o) (__retarget_lock_init_recursive)
c:/st/stm32cubeide_1.12.0/stm32cubeide/plugins/com.st.stm32cube.ide.mcu.externaltools.gnu-tools-for-stm32.10.3-2021.10.win32_1.0.200.202301161003/tools/bin/../lib/gcc/arm-none-eabi/10.3.1/../../../../arm-none-eabi/lib/thumb/v7e-m+fp/hard\libc_nano.a(lib_a-memcpy-stub.o)
                              ./Middlewares/Third_Party/FreeRTOS/Source/CMSIS_RTOS_V2/cmsis_os2.o (memcpy)
c:/st/stm32cubeide_1.12.0/stm32cubeide/plugins/com.st.stm32cube.ide.mcu.externaltools.gnu-tools-for-stm32.10.3-2021.10.win32_1.0.200.202301161003/tools/bin/../lib/gcc/arm-none-eabi/10.3.1/../../../../arm-none-eabi/lib/thumb/v7e-m+fp/hard\libc_nano.a(lib_a-memset.o)
                              c:/st/stm32cubeide_1.12.0/stm32cubeide/plugins/com.st.stm32cube.ide.mcu.externaltools.gnu-tools-for-stm32.10.3-2021.10.win32_1.0.200.202301161003/tools/bin/../lib/gcc/arm-none-eabi/10.3.1/../../../../arm-none-eabi/lib/thumb/v7e-m+fp/hard/crt0.o (memset)
[...]
Memory Configuration

Name             Origin             Length             Attributes
RAM              0x0000000020000000 0x0000000000028000 xrw
RAM2             0x0000000010000000 0x0000000000008000 xrw
FLASH            0x0000000008000000 0x0000000000080000 xr
*default*        0x0000000000000000 0xffffffffffffffff

Linker script and memory map

LOAD c:/st/stm32cubeide_1.12.0/stm32cubeide/plugins/com.st.stm32cube.ide.mcu.externaltools.gnu-tools-for-stm32.10.3-2021.10.win32_1.0.200.202301161003/tools/bin/../lib/gcc/arm-none-eabi/10.3.1/thumb/v7e-m+fp/hard/crti.o
LOAD c:/st/stm32cubeide_1.12.0/stm32cubeide/plugins/com.st.stm32cube.ide.mcu.externaltools.gnu-tools-for-stm32.10.3-2021.10.win32_1.0.200.202301161003/tools/bin/../lib/gcc/arm-none-eabi/10.3.1/thumb/v7e-m+fp/hard/crtbegin.o
LOAD c:/st/stm32cubeide_1.12.0/stm32cubeide/plugins/com.st.stm32cube.ide.mcu.externaltools.gnu-tools-for-stm32.10.3-2021.10.win32_1.0.200.202301161003/tools/bin/../lib/gcc/arm-none-eabi/10.3.1/../../../../arm-none-eabi/lib/thumb/v7e-m+fp/hard/crt0.o
LOAD ./Core/Src/freertos.o
LOAD ./Core/Src/main.o
LOAD ./Core/Src/stm32l4xx_hal_msp.o
LOAD ./Core/Src/stm32l4xx_hal_timebase_tim.o
LOAD ./Core/Src/stm32l4xx_it.o
LOAD ./Core/Src/syscalls.o
LOAD ./Core/Src/sysmem.o
LOAD ./Core/Src/system_stm32l4xx.o
LOAD ./Core/Startup/startup_stm32l452retx.o
LOAD ./Drivers/STM32L4xx_HAL_Driver/Src/stm32l4xx_hal.o
LOAD ./Drivers/STM32L4xx_HAL_Driver/Src/stm32l4xx_hal_adc.o
LOAD ./Drivers/STM32L4xx_HAL_Driver/Src/stm32l4xx_hal_adc_ex.o
LOAD ./Drivers/STM32L4xx_HAL_Driver/Src/stm32l4xx_hal_cortex.o
LOAD ./Drivers/STM32L4xx_HAL_Driver/Src/stm32l4xx_hal_dma.o
LOAD ./Drivers/STM32L4xx_HAL_Driver/Src/stm32l4xx_hal_dma_ex.o
LOAD ./Drivers/STM32L4xx_HAL_Driver/Src/stm32l4xx_hal_exti.o
LOAD ./Drivers/STM32L4xx_HAL_Driver/Src/stm32l4xx_hal_flash.o
LOAD ./Drivers/STM32L4xx_HAL_Driver/Src/stm32l4xx_hal_flash_ex.o
LOAD ./Drivers/STM32L4xx_HAL_Driver/Src/stm32l4xx_hal_flash_ramfunc.o
LOAD ./Drivers/STM32L4xx_HAL_Driver/Src/stm32l4xx_hal_gpio.o
LOAD ./Drivers/STM32L4xx_HAL_Driver/Src/stm32l4xx_hal_pwr.o
LOAD ./Drivers/STM32L4xx_HAL_Driver/Src/stm32l4xx_hal_pwr_ex.o
LOAD ./Drivers/STM32L4xx_HAL_Driver/Src/stm32l4xx_hal_rcc.o
LOAD ./Drivers/STM32L4xx_HAL_Driver/Src/stm32l4xx_hal_rcc_ex.o
LOAD ./Drivers/STM32L4xx_HAL_Driver/Src/stm32l4xx_hal_rtc.o
LOAD ./Drivers/STM32L4xx_HAL_Driver/Src/stm32l4xx_hal_rtc_ex.o
LOAD ./Drivers/STM32L4xx_HAL_Driver/Src/stm32l4xx_hal_spi.o
LOAD ./Drivers/STM32L4xx_HAL_Driver/Src/stm32l4xx_hal_spi_ex.o
LOAD ./Drivers/STM32L4xx_HAL_Driver/Src/stm32l4xx_hal_tim.o
LOAD ./Drivers/STM32L4xx_HAL_Driver/Src/stm32l4xx_hal_tim_ex.o
LOAD ./Drivers/STM32L4xx_HAL_Driver/Src/stm32l4xx_hal_uart.o
LOAD ./Drivers/STM32L4xx_HAL_Driver/Src/stm32l4xx_hal_uart_ex.o
LOAD ./Middlewares/Third_Party/FreeRTOS/Source/CMSIS_RTOS_V2/cmsis_os2.o
LOAD ./Middlewares/Third_Party/FreeRTOS/Source/croutine.o
LOAD ./Middlewares/Third_Party/FreeRTOS/Source/event_groups.o
LOAD ./Middlewares/Third_Party/FreeRTOS/Source/list.o
LOAD ./Middlewares/Third_Party/FreeRTOS/Source/queue.o
LOAD ./Middlewares/Third_Party/FreeRTOS/Source/stream_buffer.o
LOAD ./Middlewares/Third_Party/FreeRTOS/Source/tasks.o
LOAD ./Middlewares/Third_Party/FreeRTOS/Source/timers.o
LOAD ./Middlewares/Third_Party/FreeRTOS/Source/portable/GCC/ARM_CM4F/port.o
LOAD ./Middlewares/Third_Party/FreeRTOS/Source/portable/MemMang/heap_4.o
LOAD ./libs/fm_calendar/fm_calendar.o
LOAD ./libs/fm_debug/fm_debug.o
LOAD ./libs/fm_event/fm_event.o
LOAD ./libs/fm_factory/fm_factory.o
LOAD ./libs/fm_keypad/fm_keypad.o
LOAD ./libs/fm_lcd/fm_lcd.o
LOAD ./libs/fm_lcd/lcd.o
LOAD ./libs/fm_lcd/pcf8553.o
LOAD ./libs/fm_menu_config/fm_menu_config.o
LOAD ./libs/fm_menu_user/fm_menu_user.o
LOAD ./libs/fm_temp_stm32/fm_temp_stm32.o
LOAD ./libs/fm_version/fm_version.o
LOAD ./libs/fmc/fmc.o
START GROUP
LOAD c:/st/stm32cubeide_1.12.0/stm32cubeide/plugins/com.st.stm32cube.ide.mcu.externaltools.gnu-tools-for-stm32.10.3-2021.10.win32_1.0.200.202301161003/tools/bin/../lib/gcc/arm-none-eabi/10.3.1/../../../../arm-none-eabi/lib/thumb/v7e-m+fp/hard\libc_nano.a
LOAD c:/st/stm32cubeide_1.12.0/stm32cubeide/plugins/com.st.stm32cube.ide.mcu.externaltools.gnu-tools-for-stm32.10.3-2021.10.win32_1.0.200.202301161003/tools/bin/../lib/gcc/arm-none-eabi/10.3.1/../../../../arm-none-eabi/lib/thumb/v7e-m+fp/hard\libm.a
END GROUP
START GROUP
LOAD c:/st/stm32cubeide_1.12.0/stm32cubeide/plugins/com.st.stm32cube.ide.mcu.externaltools.gnu-tools-for-stm32.10.3-2021.10.win32_1.0.200.202301161003/tools/bin/../lib/gcc/arm-none-eabi/10.3.1/thumb/v7e-m+fp/hard\libgcc.a
LOAD c:/st/stm32cubeide_1.12.0/stm32cubeide/plugins/com.st.stm32cube.ide.mcu.externaltools.gnu-tools-for-stm32.10.3-2021.10.win32_1.0.200.202301161003/tools/bin/../lib/gcc/arm-none-eabi/10.3.1/../../../../arm-none-eabi/lib/thumb/v7e-m+fp/hard\libc_nano.a
END GROUP
START GROUP
LOAD c:/st/stm32cubeide_1.12.0/stm32cubeide/plugins/com.st.stm32cube.ide.mcu.externaltools.gnu-tools-for-stm32.10.3-2021.10.win32_1.0.200.202301161003/tools/bin/../lib/gcc/arm-none-eabi/10.3.1/thumb/v7e-m+fp/hard\libgcc.a
LOAD c:/st/stm32cubeide_1.12.0/stm32cubeide/plugins/com.st.stm32cube.ide.mcu.externaltools.gnu-tools-for-stm32.10.3-2021.10.win32_1.0.200.202301161003/tools/bin/../lib/gcc/arm-none-eabi/10.3.1/../../../../arm-none-eabi/lib/thumb/v7e-m+fp/hard\libc_nano.a
LOAD c:/st/stm32cubeide_1.12.0/stm32cubeide/plugins/com.st.stm32cube.ide.mcu.externaltools.gnu-tools-for-stm32.10.3-2021.10.win32_1.0.200.202301161003/tools/bin/../lib/gcc/arm-none-eabi/10.3.1/../../../../arm-none-eabi/lib/thumb/v7e-m+fp/hard\libnosys.a
END GROUP
START GROUP
LOAD c:/st/stm32cubeide_1.12.0/stm32cubeide/plugins/com.st.stm32cube.ide.mcu.externaltools.gnu-tools-for-stm32.10.3-2021.10.win32_1.0.200.202301161003/tools/bin/../lib/gcc/arm-none-eabi/10.3.1/thumb/v7e-m+fp/hard\libgcc.a
LOAD c:/st/stm32cubeide_1.12.0/stm32cubeide/plugins/com.st.stm32cube.ide.mcu.externaltools.gnu-tools-for-stm32.10.3-2021.10.win32_1.0.200.202301161003/tools/bin/../lib/gcc/arm-none-eabi/10.3.1/../../../../arm-none-eabi/lib/thumb/v7e-m+fp/hard\libc_nano.a
LOAD c:/st/stm32cubeide_1.12.0/stm32cubeide/plugins/com.st.stm32cube.ide.mcu.externaltools.gnu-tools-for-stm32.10.3-2021.10.win32_1.0.200.202301161003/tools/bin/../lib/gcc/arm-none-eabi/10.3.1/../../../../arm-none-eabi/lib/thumb/v7e-m+fp/hard\libnosys.a
END GROUP
LOAD c:/st/stm32cubeide_1.12.0/stm32cubeide/plugins/com.st.stm32cube.ide.mcu.externaltools.gnu-tools-for-stm32.10.3-2021.10.win32_1.0.200.202301161003/tools/bin/../lib/gcc/arm-none-eabi/10.3.1/thumb/v7e-m+fp/hard/crtend.o
LOAD c:/st/stm32cubeide_1.12.0/stm32cubeide/plugins/com.st.stm32cube.ide.mcu.externaltools.gnu-tools-for-stm32.10.3-2021.10.win32_1.0.200.202301161003/tools/bin/../lib/gcc/arm-none-eabi/10.3.1/thumb/v7e-m+fp/hard/crtn.o
                0x0000000020028000                _estack = (ORIGIN (RAM) + LENGTH (RAM))
                0x0000000000000200                _Min_Heap_Size = 0x200
                0x0000000000000400                _Min_Stack_Size = 0x400

.isr_vector     0x0000000008000000      0x194
                0x0000000008000000                . = ALIGN (0x4)
 *(.isr_vector)
 .isr_vector    0x0000000008000000      0x194 ./Core/Startup/startup_stm32l452retx.o
                0x0000000008000000                g_pfnVectors
                0x0000000008000194                . = ALIGN (0x4)

.text           0x00000000080001a0    0x10190
                0x00000000080001a0                . = ALIGN (0x4)
 *(.text)
 .text          0x00000000080001a0       0x40 c:/st/stm32cubeide_1.12.0/stm32cubeide/plugins/com.st.stm32cube.ide.mcu.externaltools.gnu-tools-for-stm32.10.3-2021.10.win32_1.0.200.202301161003/tools/bin/../lib/gcc/arm-none-eabi/10.3.1/thumb/v7e-m+fp/hard/crtbegin.o
 .text          0x00000000080001e0       0x10 c:/st/stm32cubeide_1.12.0/stm32cubeide/plugins/com.st.stm32cube.ide.mcu.externaltools.gnu-tools-for-stm32.10.3-2021.10.win32_1.0.200.202301161003/tools/bin/../lib/gcc/arm-none-eabi/10.3.1/../../../../arm-none-eabi/lib/thumb/v7e-m+fp/hard\libc_nano.a(lib_a-strlen.o)
                0x00000000080001e0                strlen
 .text          0x00000000080001f0       0xa0 c:/st/stm32cubeide_1.12.0/stm32cubeide/plugins/com.st.stm32cube.ide.mcu.externaltools.gnu-tools-for-stm32.10.3-2021.10.win32_1.0.200.202301161003/tools/bin/../lib/gcc/arm-none-eabi/10.3.1/../../../../arm-none-eabi/lib/thumb/v7e-m+fp/hard\libc_nano.a(lib_a-memchr.o)
                0x00000000080001f0                memchr
 .text          0x0000000008000290       0x30 c:/st/stm32cubeide_1.12.0/stm32cubeide/plugins/com.st.stm32cube.ide.mcu.externaltools.gnu-tools-for-stm32.10.3-2021.10.win32_1.0.200.202301161003/tools/bin/../lib/gcc/arm-none-eabi/10.3.1/thumb/v7e-m+fp/hard\libgcc.a(_aeabi_uldivmod.o)
                0x0000000008000290                __aeabi_uldivmod
 .text          0x00000000080002c0      0x2d0 c:/st/stm32cubeide_1.12.0/stm32cubeide/plugins/com.st.stm32cube.ide.mcu.externaltools.gnu-tools-for-stm32.10.3-2021.10.win32_1.0.200.202301161003/tools/bin/../lib/gcc/arm-none-eabi/10.3.1/thumb/v7e-m+fp/hard\libgcc.a(_udivmoddi4.o)
                0x00000000080002c0                __udivmoddi4
 .text          0x0000000008000590        0x4 c:/st/stm32cubeide_1.12.0/stm32cubeide/plugins/com.st.stm32cube.ide.mcu.externaltools.gnu-tools-for-stm32.10.3-2021.10.win32_1.0.200.202301161003/tools/bin/../lib/gcc/arm-none-eabi/10.3.1/thumb/v7e-m+fp/hard\libgcc.a(_dvmd_tls.o)
                0x0000000008000590                __aeabi_idiv0
                0x0000000008000590                __aeabi_ldiv0
 *(.text*)
 .text.PreSleepProcessing
                0x0000000008000594       0x68 ./Core/Src/freertos.o
                0x0000000008000594                PreSleepProcessing
 .text.PostSleepProcessing
                0x00000000080005fc       0x20 ./Core/Src/freertos.o
                0x00000000080005fc                PostSleepProcessing
 .text.main     0x000000000800061c       0x94 ./Core/Src/main.o
                0x000000000800061c                main
 .text.SystemClock_Config
                0x00000000080006b0       0xac ./Core/Src/main.o
                0x00000000080006b0                SystemClock_Config
 .text.MX_ADC1_Init
                0x000000000800075c       0xd0 ./Core/Src/main.o
 .text.MX_RTC_Init
                0x000000000800082c       0xd0 ./Core/Src/main.o
 .text.MX_SPI1_Init
                0x00000000080008fc       0x7c ./Core/Src/main.o
 .text.MX_TIM16_Init
                0x0000000008000978       0x4c ./Core/Src/main.o
 .text.MX_USART2_UART_Init
                0x00000000080009c4       0x60 ./Core/Src/main.o
 .text.MX_GPIO_Init
                0x0000000008000a24      0x100 ./Core/Src/main.o
 .text.menu_task
                0x0000000008000b24       0x4c ./Core/Src/main.o
                0x0000000008000b24                menu_task
 .text.debounce_task
                0x0000000008000b70       0x54 ./Core/Src/main.o
                0x0000000008000b70                debounce_task
 .text.HAL_TIM_PeriodElapsedCallback
                0x0000000008000bc4       0x24 ./Core/Src/main.o
                0x0000000008000bc4                HAL_TIM_PeriodElapsedCallback
 .text.Error_Handler
                0x0000000008000be8        0xa ./Core/Src/main.o
                0x0000000008000be8                Error_Handler
 *fill*         0x0000000008000bf2        0x2 
 .text.HAL_MspInit
                0x0000000008000bf4       0x50 ./Core/Src/stm32l4xx_hal_msp.o
                0x0000000008000bf4                HAL_MspInit
 .text.HAL_ADC_MspInit
                0x0000000008000c44       0x68 ./Core/Src/stm32l4xx_hal_msp.o
                0x0000000008000c44                HAL_ADC_MspInit
 .text.HAL_RTC_MspInit
                0x0000000008000cac       0x70 ./Core/Src/stm32l4xx_hal_msp.o
                0x0000000008000cac                HAL_RTC_MspInit
 .text.HAL_SPI_MspInit
                0x0000000008000d1c       0x84 ./Core/Src/stm32l4xx_hal_msp.o
                0x0000000008000d1c                HAL_SPI_MspInit
 .text.HAL_TIM_Base_MspInit
                0x0000000008000da0       0x40 ./Core/Src/stm32l4xx_hal_msp.o
                0x0000000008000da0                HAL_TIM_Base_MspInit
 .text.HAL_UART_MspInit
                0x0000000008000de0       0xb8 ./Core/Src/stm32l4xx_hal_msp.o
                0x0000000008000de0                HAL_UART_MspInit
 .text.HAL_InitTick
                0x0000000008000e98       0xf4 ./Core/Src/stm32l4xx_hal_timebase_tim.o
                0x0000000008000e98                HAL_InitTick
 .text.HAL_SuspendTick
                0x0000000008000f8c       0x24 ./Core/Src/stm32l4xx_hal_timebase_tim.o
                0x0000000008000f8c                HAL_SuspendTick
 .text.HAL_ResumeTick
                0x0000000008000fb0       0x24 ./Core/Src/stm32l4xx_hal_timebase_tim.o
                0x0000000008000fb0                HAL_ResumeTick
 .text.NMI_Handler
                0x0000000008000fd4        0x6 ./Core/Src/stm32l4xx_it.o
                0x0000000008000fd4                NMI_Handler
 .text.HardFault_Handler
                0x0000000008000fda        0x6 ./Core/Src/stm32l4xx_it.o
                0x0000000008000fda                HardFault_Handler
 .text.MemManage_Handler
                0x0000000008000fe0        0x6 ./Core/Src/stm32l4xx_it.o
                0x0000000008000fe0                MemManage_Handler
 .text.BusFault_Handler
                0x0000000008000fe6        0x6 ./Core/Src/stm32l4xx_it.o
                0x0000000008000fe6                BusFault_Handler
 .text.UsageFault_Handler
                0x0000000008000fec        0x6 ./Core/Src/stm32l4xx_it.o
                0x0000000008000fec                UsageFault_Handler
 .text.DebugMon_Handler
                0x0000000008000ff2        0xe ./Core/Src/stm32l4xx_it.o
                0x0000000008000ff2                DebugMon_Handler
 .text.RTC_WKUP_IRQHandler
                0x0000000008001000       0x14 ./Core/Src/stm32l4xx_it.o
                0x0000000008001000                RTC_WKUP_IRQHandler
 .text.EXTI15_10_IRQHandler
                0x0000000008001014       0x28 ./Core/Src/stm32l4xx_it.o
                0x0000000008001014                EXTI15_10_IRQHandler
 .text.TIM6_DAC_IRQHandler
                0x000000000800103c       0x14 ./Core/Src/stm32l4xx_it.o
                0x000000000800103c                TIM6_DAC_IRQHandler
 .text._sbrk    0x0000000008001050       0x6c ./Core/Src/sysmem.o
                0x0000000008001050                _sbrk
 .text.SystemInit
                0x00000000080010bc       0x24 ./Core/Src/system_stm32l4xx.o
                0x00000000080010bc                SystemInit
 .text.Reset_Handler
                0x00000000080010e0       0x50 ./Core/Startup/startup_stm32l452retx.o
                0x00000000080010e0                Reset_Handler
 .text.Default_Handler
                0x0000000008001130        0x2 ./Core/Startup/startup_stm32l452retx.o
                0x0000000008001130                RTC_Alarm_IRQHandler
                0x0000000008001130                EXTI2_IRQHandler
                0x0000000008001130                TIM1_CC_IRQHandler
                0x0000000008001130                TSC_IRQHandler
                0x0000000008001130                TAMP_STAMP_IRQHandler
                0x0000000008001130                EXTI3_IRQHandler
                0x0000000008001130                LPTIM2_IRQHandler
                0x0000000008001130                DFSDM1_FLT1_IRQHandler
                0x0000000008001130                I2C3_ER_IRQHandler
                0x0000000008001130                EXTI0_IRQHandler
                0x0000000008001130                I2C2_EV_IRQHandler
                0x0000000008001130                CAN1_RX0_IRQHandler
                0x0000000008001130                FPU_IRQHandler
                0x0000000008001130                TIM1_UP_TIM16_IRQHandler
                0x0000000008001130                SPI1_IRQHandler
                0x0000000008001130                DMA2_Channel2_IRQHandler
                0x0000000008001130                DMA1_Channel4_IRQHandler
                0x0000000008001130                ADC1_IRQHandler
                0x0000000008001130                USART3_IRQHandler
                0x0000000008001130                DMA1_Channel7_IRQHandler
                0x0000000008001130                CAN1_RX1_IRQHandler
                0x0000000008001130                DMA2_Channel1_IRQHandler
                0x0000000008001130                QUADSPI_IRQHandler
                0x0000000008001130                I2C1_EV_IRQHandler
                0x0000000008001130                DMA1_Channel6_IRQHandler
                0x0000000008001130                UART4_IRQHandler
                0x0000000008001130                DMA2_Channel4_IRQHandler
                0x0000000008001130                TIM3_IRQHandler
                0x0000000008001130                RCC_IRQHandler
                0x0000000008001130                TIM1_TRG_COM_IRQHandler
                0x0000000008001130                DMA1_Channel1_IRQHandler
                0x0000000008001130                Default_Handler
                0x0000000008001130                DMA2_Channel7_IRQHandler
                0x0000000008001130                SDMMC1_IRQHandler
                0x0000000008001130                I2C3_EV_IRQHandler
                0x0000000008001130                USB_IRQHandler
                0x0000000008001130                EXTI9_5_IRQHandler
                0x0000000008001130                PVD_PVM_IRQHandler
                0x0000000008001130                SPI2_IRQHandler
                0x0000000008001130                CAN1_TX_IRQHandler
                0x0000000008001130                DMA2_Channel5_IRQHandler
                0x0000000008001130                CRS_IRQHandler
                0x0000000008001130                DMA1_Channel5_IRQHandler
                0x0000000008001130                EXTI4_IRQHandler
                0x0000000008001130                RNG_IRQHandler
                0x0000000008001130                DMA1_Channel3_IRQHandler
                0x0000000008001130                COMP_IRQHandler
                0x0000000008001130                WWDG_IRQHandler
                0x0000000008001130                I2C4_EV_IRQHandler
                0x0000000008001130                LPUART1_IRQHandler
                0x0000000008001130                DMA2_Channel6_IRQHandler
                0x0000000008001130                TIM2_IRQHandler
                0x0000000008001130                EXTI1_IRQHandler
                0x0000000008001130                USART2_IRQHandler
                0x0000000008001130                DFSDM1_FLT0_IRQHandler
                0x0000000008001130                I2C2_ER_IRQHandler
                0x0000000008001130                DMA1_Channel2_IRQHandler
                0x0000000008001130                CAN1_SCE_IRQHandler
                0x0000000008001130                FLASH_IRQHandler
                0x0000000008001130                USART1_IRQHandler
                0x0000000008001130                SPI3_IRQHandler
                0x0000000008001130                I2C1_ER_IRQHandler
                0x0000000008001130                LPTIM1_IRQHandler
                0x0000000008001130                I2C4_ER_IRQHandler
                0x0000000008001130                SAI1_IRQHandler
                0x0000000008001130                DMA2_Channel3_IRQHandler
                0x0000000008001130                TIM1_BRK_TIM15_IRQHandler
 .text.HAL_Init
                0x0000000008001132       0x30 ./Drivers/STM32L4xx_HAL_Driver/Src/stm32l4xx_hal.o
                0x0000000008001132                HAL_Init
 *fill*         0x0000000008001162        0x2 
 .text.HAL_IncTick
                0x0000000008001164       0x28 ./Drivers/STM32L4xx_HAL_Driver/Src/stm32l4xx_hal.o
                0x0000000008001164                HAL_IncTick
 .text.HAL_GetTick
                0x000000000800118c       0x18 ./Drivers/STM32L4xx_HAL_Driver/Src/stm32l4xx_hal.o
                0x000000000800118c                HAL_GetTick
 .text.HAL_Delay
                0x00000000080011a4       0x48 ./Drivers/STM32L4xx_HAL_Driver/Src/stm32l4xx_hal.o
                0x00000000080011a4                HAL_Delay
 .text.LL_ADC_SetCommonClock
                0x00000000080011ec       0x26 ./Drivers/STM32L4xx_HAL_Driver/Src/stm32l4xx_hal_adc.o
 .text.LL_ADC_SetCommonPathInternalCh
                0x0000000008001212       0x26 ./Drivers/STM32L4xx_HAL_Driver/Src/stm32l4xx_hal_adc.o
 .text.LL_ADC_GetCommonPathInternalCh
                0x0000000008001238       0x1c ./Drivers/STM32L4xx_HAL_Driver/Src/stm32l4xx_hal_adc.o
 .text.LL_ADC_SetOffset
                0x0000000008001254       0x48 ./Drivers/STM32L4xx_HAL_Driver/Src/stm32l4xx_hal_adc.o
 .text.LL_ADC_GetOffsetChannel
                0x000000000800129c       0x2c ./Drivers/STM32L4xx_HAL_Driver/Src/stm32l4xx_hal_adc.o
 .text.LL_ADC_SetOffsetState
                0x00000000080012c8       0x36 ./Drivers/STM32L4xx_HAL_Driver/Src/stm32l4xx_hal_adc.o
 .text.LL_ADC_SetSamplingTimeCommonConfig
                0x00000000080012fe       0x26 ./Drivers/STM32L4xx_HAL_Driver/Src/stm32l4xx_hal_adc.o
 .text.LL_ADC_REG_IsTriggerSourceSWStart
                0x0000000008001324       0x26 ./Drivers/STM32L4xx_HAL_Driver/Src/stm32l4xx_hal_adc.o
 .text.LL_ADC_REG_SetSequencerRanks
                0x000000000800134a       0x58 ./Drivers/STM32L4xx_HAL_Driver/Src/stm32l4xx_hal_adc.o
 .text.LL_ADC_SetChannelSamplingTime
                0x00000000080013a2       0x56 ./Drivers/STM32L4xx_HAL_Driver/Src/stm32l4xx_hal_adc.o
 .text.LL_ADC_SetChannelSingleDiff
                0x00000000080013f8       0x48 ./Drivers/STM32L4xx_HAL_Driver/Src/stm32l4xx_hal_adc.o
 .text.LL_ADC_DisableDeepPowerDown
                0x0000000008001440       0x24 ./Drivers/STM32L4xx_HAL_Driver/Src/stm32l4xx_hal_adc.o
 .text.LL_ADC_IsDeepPowerDownEnabled
                0x0000000008001464       0x28 ./Drivers/STM32L4xx_HAL_Driver/Src/stm32l4xx_hal_adc.o
 .text.LL_ADC_EnableInternalRegulator
                0x000000000800148c       0x28 ./Drivers/STM32L4xx_HAL_Driver/Src/stm32l4xx_hal_adc.o
 .text.LL_ADC_IsInternalRegulatorEnabled
                0x00000000080014b4       0x28 ./Drivers/STM32L4xx_HAL_Driver/Src/stm32l4xx_hal_adc.o
 .text.LL_ADC_Enable
                0x00000000080014dc       0x28 ./Drivers/STM32L4xx_HAL_Driver/Src/stm32l4xx_hal_adc.o
 .text.LL_ADC_Disable
                0x0000000008001504       0x28 ./Drivers/STM32L4xx_HAL_Driver/Src/stm32l4xx_hal_adc.o
 .text.LL_ADC_IsEnabled
                0x000000000800152c       0x26 ./Drivers/STM32L4xx_HAL_Driver/Src/stm32l4xx_hal_adc.o
 .text.LL_ADC_IsDisableOngoing
                0x0000000008001552       0x26 ./Drivers/STM32L4xx_HAL_Driver/Src/stm32l4xx_hal_adc.o
 .text.LL_ADC_REG_StartConversion
                0x0000000008001578       0x28 ./Drivers/STM32L4xx_HAL_Driver/Src/stm32l4xx_hal_adc.o
 .text.LL_ADC_REG_StopConversion
                0x00000000080015a0       0x28 ./Drivers/STM32L4xx_HAL_Driver/Src/stm32l4xx_hal_adc.o
 .text.LL_ADC_REG_IsConversionOngoing
                0x00000000080015c8       0x26 ./Drivers/STM32L4xx_HAL_Driver/Src/stm32l4xx_hal_adc.o
 .text.LL_ADC_INJ_StopConversion
                0x00000000080015ee       0x28 ./Drivers/STM32L4xx_HAL_Driver/Src/stm32l4xx_hal_adc.o
 .text.LL_ADC_INJ_IsConversionOngoing
                0x0000000008001616       0x26 ./Drivers/STM32L4xx_HAL_Driver/Src/stm32l4xx_hal_adc.o
 .text.HAL_ADC_Init
                0x000000000800163c      0x298 ./Drivers/STM32L4xx_HAL_Driver/Src/stm32l4xx_hal_adc.o
                0x000000000800163c                HAL_ADC_Init
 .text.HAL_ADC_Start
                0x00000000080018d4       0xc6 ./Drivers/STM32L4xx_HAL_Driver/Src/stm32l4xx_hal_adc.o
                0x00000000080018d4                HAL_ADC_Start
 .text.HAL_ADC_Stop
                0x000000000800199a       0x66 ./Drivers/STM32L4xx_HAL_Driver/Src/stm32l4xx_hal_adc.o
                0x000000000800199a                HAL_ADC_Stop
 .text.HAL_ADC_PollForConversion
                0x0000000008001a00      0x11e ./Drivers/STM32L4xx_HAL_Driver/Src/stm32l4xx_hal_adc.o
                0x0000000008001a00                HAL_ADC_PollForConversion
 .text.HAL_ADC_GetValue
                0x0000000008001b1e       0x1a ./Drivers/STM32L4xx_HAL_Driver/Src/stm32l4xx_hal_adc.o
                0x0000000008001b1e                HAL_ADC_GetValue
 .text.HAL_ADC_ConfigChannel
                0x0000000008001b38      0x7f8 ./Drivers/STM32L4xx_HAL_Driver/Src/stm32l4xx_hal_adc.o
                0x0000000008001b38                HAL_ADC_ConfigChannel
 .text.ADC_ConversionStop
                0x0000000008002330      0x178 ./Drivers/STM32L4xx_HAL_Driver/Src/stm32l4xx_hal_adc.o
                0x0000000008002330                ADC_ConversionStop
 .text.ADC_Enable
                0x00000000080024a8      0x10c ./Drivers/STM32L4xx_HAL_Driver/Src/stm32l4xx_hal_adc.o
                0x00000000080024a8                ADC_Enable
 .text.ADC_Disable
                0x00000000080025b4       0xbe ./Drivers/STM32L4xx_HAL_Driver/Src/stm32l4xx_hal_adc.o
                0x00000000080025b4                ADC_Disable
 .text.LL_ADC_StartCalibration
                0x0000000008002672       0x32 ./Drivers/STM32L4xx_HAL_Driver/Src/stm32l4xx_hal_adc_ex.o
 .text.LL_ADC_IsCalibrationOnGoing
                0x00000000080026a4       0x28 ./Drivers/STM32L4xx_HAL_Driver/Src/stm32l4xx_hal_adc_ex.o
 .text.HAL_ADCEx_Calibration_Start
                0x00000000080026cc       0xc0 ./Drivers/STM32L4xx_HAL_Driver/Src/stm32l4xx_hal_adc_ex.o
                0x00000000080026cc                HAL_ADCEx_Calibration_Start
 .text.__NVIC_SetPriorityGrouping
                0x000000000800278c       0x48 ./Drivers/STM32L4xx_HAL_Driver/Src/stm32l4xx_hal_cortex.o
 .text.__NVIC_GetPriorityGrouping
                0x00000000080027d4       0x1c ./Drivers/STM32L4xx_HAL_Driver/Src/stm32l4xx_hal_cortex.o
 .text.__NVIC_EnableIRQ
                0x00000000080027f0       0x3c ./Drivers/STM32L4xx_HAL_Driver/Src/stm32l4xx_hal_cortex.o
 .text.__NVIC_DisableIRQ
                0x000000000800282c       0x48 ./Drivers/STM32L4xx_HAL_Driver/Src/stm32l4xx_hal_cortex.o
 .text.__NVIC_SetPriority
                0x0000000008002874       0x54 ./Drivers/STM32L4xx_HAL_Driver/Src/stm32l4xx_hal_cortex.o
 .text.NVIC_EncodePriority
                0x00000000080028c8       0x66 ./Drivers/STM32L4xx_HAL_Driver/Src/stm32l4xx_hal_cortex.o
 .text.HAL_NVIC_SetPriorityGrouping
                0x000000000800292e       0x16 ./Drivers/STM32L4xx_HAL_Driver/Src/stm32l4xx_hal_cortex.o
                0x000000000800292e                HAL_NVIC_SetPriorityGrouping
 .text.HAL_NVIC_SetPriority
                0x0000000008002944       0x38 ./Drivers/STM32L4xx_HAL_Driver/Src/stm32l4xx_hal_cortex.o
                0x0000000008002944                HAL_NVIC_SetPriority
 .text.HAL_NVIC_EnableIRQ
                0x000000000800297c       0x1c ./Drivers/STM32L4xx_HAL_Driver/Src/stm32l4xx_hal_cortex.o
                0x000000000800297c                HAL_NVIC_EnableIRQ
 .text.HAL_NVIC_DisableIRQ
                0x0000000008002998       0x1c ./Drivers/STM32L4xx_HAL_Driver/Src/stm32l4xx_hal_cortex.o
                0x0000000008002998                HAL_NVIC_DisableIRQ
 .text.HAL_GPIO_Init
                0x00000000080029b4      0x2f4 ./Drivers/STM32L4xx_HAL_Driver/Src/stm32l4xx_hal_gpio.o
                0x00000000080029b4                HAL_GPIO_Init
 .text.HAL_GPIO_WritePin
                0x0000000008002ca8       0x30 ./Drivers/STM32L4xx_HAL_Driver/Src/stm32l4xx_hal_gpio.o
                0x0000000008002ca8                HAL_GPIO_WritePin
 .text.HAL_GPIO_EXTI_IRQHandler
                0x0000000008002cd8       0x30 ./Drivers/STM32L4xx_HAL_Driver/Src/stm32l4xx_hal_gpio.o
                0x0000000008002cd8                HAL_GPIO_EXTI_IRQHandler
 .text.HAL_PWR_EnableBkUpAccess
                0x0000000008002d08       0x20 ./Drivers/STM32L4xx_HAL_Driver/Src/stm32l4xx_hal_pwr.o
                0x0000000008002d08                HAL_PWR_EnableBkUpAccess
 .text.HAL_PWREx_GetVoltageRange
                0x0000000008002d28       0x1c ./Drivers/STM32L4xx_HAL_Driver/Src/stm32l4xx_hal_pwr_ex.o
                0x0000000008002d28                HAL_PWREx_GetVoltageRange
 .text.HAL_PWREx_ControlVoltageScaling
                0x0000000008002d44       0xac ./Drivers/STM32L4xx_HAL_Driver/Src/stm32l4xx_hal_pwr_ex.o
                0x0000000008002d44                HAL_PWREx_ControlVoltageScaling
 .text.HAL_PWREx_EnterSTOP2Mode
                0x0000000008002df0       0x58 ./Drivers/STM32L4xx_HAL_Driver/Src/stm32l4xx_hal_pwr_ex.o
                0x0000000008002df0                HAL_PWREx_EnterSTOP2Mode
 .text.HAL_RCC_OscConfig
                0x0000000008002e48      0x828 ./Drivers/STM32L4xx_HAL_Driver/Src/stm32l4xx_hal_rcc.o
                0x0000000008002e48                HAL_RCC_OscConfig
 .text.HAL_RCC_ClockConfig
                0x0000000008003670      0x200 ./Drivers/STM32L4xx_HAL_Driver/Src/stm32l4xx_hal_rcc.o
                0x0000000008003670                HAL_RCC_ClockConfig
 .text.HAL_RCC_GetSysClockFreq
                0x0000000008003870      0x118 ./Drivers/STM32L4xx_HAL_Driver/Src/stm32l4xx_hal_rcc.o
                0x0000000008003870                HAL_RCC_GetSysClockFreq
 .text.HAL_RCC_GetHCLKFreq
                0x0000000008003988       0x18 ./Drivers/STM32L4xx_HAL_Driver/Src/stm32l4xx_hal_rcc.o
                0x0000000008003988                HAL_RCC_GetHCLKFreq
 .text.HAL_RCC_GetPCLK1Freq
                0x00000000080039a0       0x2c ./Drivers/STM32L4xx_HAL_Driver/Src/stm32l4xx_hal_rcc.o
                0x00000000080039a0                HAL_RCC_GetPCLK1Freq
 .text.HAL_RCC_GetPCLK2Freq
                0x00000000080039cc       0x2c ./Drivers/STM32L4xx_HAL_Driver/Src/stm32l4xx_hal_rcc.o
                0x00000000080039cc                HAL_RCC_GetPCLK2Freq
 .text.HAL_RCC_GetClockConfig
                0x00000000080039f8       0x64 ./Drivers/STM32L4xx_HAL_Driver/Src/stm32l4xx_hal_rcc.o
                0x00000000080039f8                HAL_RCC_GetClockConfig
 .text.RCC_SetFlashLatencyFromMSIRange
                0x0000000008003a5c       0xc0 ./Drivers/STM32L4xx_HAL_Driver/Src/stm32l4xx_hal_rcc.o
 .text.HAL_RCCEx_PeriphCLKConfig
                0x0000000008003b1c      0x4d8 ./Drivers/STM32L4xx_HAL_Driver/Src/stm32l4xx_hal_rcc_ex.o
                0x0000000008003b1c                HAL_RCCEx_PeriphCLKConfig
 .text.HAL_RCCEx_EnableMSIPLLMode
                0x0000000008003ff4       0x20 ./Drivers/STM32L4xx_HAL_Driver/Src/stm32l4xx_hal_rcc_ex.o
                0x0000000008003ff4                HAL_RCCEx_EnableMSIPLLMode
 .text.RCCEx_PLLSAI1_Config
                0x0000000008004014      0x1e4 ./Drivers/STM32L4xx_HAL_Driver/Src/stm32l4xx_hal_rcc_ex.o
 .text.HAL_RTC_Init
                0x00000000080041f8       0xf6 ./Drivers/STM32L4xx_HAL_Driver/Src/stm32l4xx_hal_rtc.o
                0x00000000080041f8                HAL_RTC_Init
 .text.HAL_RTC_SetTime
                0x00000000080042ee      0x13a ./Drivers/STM32L4xx_HAL_Driver/Src/stm32l4xx_hal_rtc.o
                0x00000000080042ee                HAL_RTC_SetTime
 .text.HAL_RTC_GetTime
                0x0000000008004428       0xb8 ./Drivers/STM32L4xx_HAL_Driver/Src/stm32l4xx_hal_rtc.o
                0x0000000008004428                HAL_RTC_GetTime
 .text.HAL_RTC_SetDate
                0x00000000080044e0      0x10e ./Drivers/STM32L4xx_HAL_Driver/Src/stm32l4xx_hal_rtc.o
                0x00000000080044e0                HAL_RTC_SetDate
 .text.HAL_RTC_GetDate
                0x00000000080045ee       0x9a ./Drivers/STM32L4xx_HAL_Driver/Src/stm32l4xx_hal_rtc.o
                0x00000000080045ee                HAL_RTC_GetDate
 .text.HAL_RTC_WaitForSynchro
                0x0000000008004688       0x4c ./Drivers/STM32L4xx_HAL_Driver/Src/stm32l4xx_hal_rtc.o
                0x0000000008004688                HAL_RTC_WaitForSynchro
 .text.RTC_EnterInitMode
                0x00000000080046d4       0x66 ./Drivers/STM32L4xx_HAL_Driver/Src/stm32l4xx_hal_rtc.o
                0x00000000080046d4                RTC_EnterInitMode
 *fill*         0x000000000800473a        0x2 
 .text.RTC_ExitInitMode
                0x000000000800473c       0x7c ./Drivers/STM32L4xx_HAL_Driver/Src/stm32l4xx_hal_rtc.o
                0x000000000800473c                RTC_ExitInitMode
 .text.RTC_ByteToBcd2
                0x00000000080047b8       0x40 ./Drivers/STM32L4xx_HAL_Driver/Src/stm32l4xx_hal_rtc.o
                0x00000000080047b8                RTC_ByteToBcd2
 .text.RTC_Bcd2ToByte
                0x00000000080047f8       0x34 ./Drivers/STM32L4xx_HAL_Driver/Src/stm32l4xx_hal_rtc.o
                0x00000000080047f8                RTC_Bcd2ToByte
 .text.HAL_RTCEx_SetWakeUpTimer_IT
                0x000000000800482c      0x128 ./Drivers/STM32L4xx_HAL_Driver/Src/stm32l4xx_hal_rtc_ex.o
                0x000000000800482c                HAL_RTCEx_SetWakeUpTimer_IT
 .text.HAL_RTCEx_DeactivateWakeUpTimer
                0x0000000008004954       0xba ./Drivers/STM32L4xx_HAL_Driver/Src/stm32l4xx_hal_rtc_ex.o
                0x0000000008004954                HAL_RTCEx_DeactivateWakeUpTimer
 *fill*         0x0000000008004a0e        0x2 
 .text.HAL_RTCEx_WakeUpTimerIRQHandler
                0x0000000008004a10       0x4c ./Drivers/STM32L4xx_HAL_Driver/Src/stm32l4xx_hal_rtc_ex.o
                0x0000000008004a10                HAL_RTCEx_WakeUpTimerIRQHandler
 .text.HAL_RTCEx_WakeUpTimerEventCallback
                0x0000000008004a5c       0x14 ./Drivers/STM32L4xx_HAL_Driver/Src/stm32l4xx_hal_rtc_ex.o
                0x0000000008004a5c                HAL_RTCEx_WakeUpTimerEventCallback
 .text.HAL_SPI_Init
                0x0000000008004a70      0x146 ./Drivers/STM32L4xx_HAL_Driver/Src/stm32l4xx_hal_spi.o
                0x0000000008004a70                HAL_SPI_Init
 .text.HAL_SPI_Transmit
                0x0000000008004bb6      0x2dc ./Drivers/STM32L4xx_HAL_Driver/Src/stm32l4xx_hal_spi.o
                0x0000000008004bb6                HAL_SPI_Transmit
 *fill*         0x0000000008004e92        0x2 
 .text.SPI_WaitFlagStateUntilTimeout
                0x0000000008004e94      0x110 ./Drivers/STM32L4xx_HAL_Driver/Src/stm32l4xx_hal_spi.o
 .text.SPI_WaitFifoStateUntilTimeout
                0x0000000008004fa4      0x12c ./Drivers/STM32L4xx_HAL_Driver/Src/stm32l4xx_hal_spi.o
 .text.SPI_EndRxTxTransaction
                0x00000000080050d0       0x8c ./Drivers/STM32L4xx_HAL_Driver/Src/stm32l4xx_hal_spi.o
 .text.HAL_TIM_Base_Init
                0x000000000800515c       0xae ./Drivers/STM32L4xx_HAL_Driver/Src/stm32l4xx_hal_tim.o
                0x000000000800515c                HAL_TIM_Base_Init
 *fill*         0x000000000800520a        0x2 
 .text.HAL_TIM_Base_Start_IT
                0x000000000800520c       0xb8 ./Drivers/STM32L4xx_HAL_Driver/Src/stm32l4xx_hal_tim.o
                0x000000000800520c                HAL_TIM_Base_Start_IT
 .text.HAL_TIM_IRQHandler
                0x00000000080052c4      0x23e ./Drivers/STM32L4xx_HAL_Driver/Src/stm32l4xx_hal_tim.o
                0x00000000080052c4                HAL_TIM_IRQHandler
 .text.HAL_TIM_OC_DelayElapsedCallback
                0x0000000008005502       0x14 ./Drivers/STM32L4xx_HAL_Driver/Src/stm32l4xx_hal_tim.o
                0x0000000008005502                HAL_TIM_OC_DelayElapsedCallback
 .text.HAL_TIM_IC_CaptureCallback
                0x0000000008005516       0x14 ./Drivers/STM32L4xx_HAL_Driver/Src/stm32l4xx_hal_tim.o
                0x0000000008005516                HAL_TIM_IC_CaptureCallback
 .text.HAL_TIM_PWM_PulseFinishedCallback
                0x000000000800552a       0x14 ./Drivers/STM32L4xx_HAL_Driver/Src/stm32l4xx_hal_tim.o
                0x000000000800552a                HAL_TIM_PWM_PulseFinishedCallback
 .text.HAL_TIM_TriggerCallback
                0x000000000800553e       0x14 ./Drivers/STM32L4xx_HAL_Driver/Src/stm32l4xx_hal_tim.o
                0x000000000800553e                HAL_TIM_TriggerCallback
 *fill*         0x0000000008005552        0x2 
 .text.TIM_Base_SetConfig
                0x0000000008005554       0xdc ./Drivers/STM32L4xx_HAL_Driver/Src/stm32l4xx_hal_tim.o
                0x0000000008005554                TIM_Base_SetConfig
 .text.HAL_TIMEx_CommutCallback
                0x0000000008005630       0x14 ./Drivers/STM32L4xx_HAL_Driver/Src/stm32l4xx_hal_tim_ex.o
                0x0000000008005630                HAL_TIMEx_CommutCallback
 .text.HAL_TIMEx_BreakCallback
                0x0000000008005644       0x14 ./Drivers/STM32L4xx_HAL_Driver/Src/stm32l4xx_hal_tim_ex.o
                0x0000000008005644                HAL_TIMEx_BreakCallback
 .text.HAL_TIMEx_Break2Callback
                0x0000000008005658       0x14 ./Drivers/STM32L4xx_HAL_Driver/Src/stm32l4xx_hal_tim_ex.o
                0x0000000008005658                HAL_TIMEx_Break2Callback
 .text.HAL_UART_Init
                0x000000000800566c       0x9c ./Drivers/STM32L4xx_HAL_Driver/Src/stm32l4xx_hal_uart.o
                0x000000000800566c                HAL_UART_Init
 .text.HAL_UART_Transmit
                0x0000000008005708      0x128 ./Drivers/STM32L4xx_HAL_Driver/Src/stm32l4xx_hal_uart.o
                0x0000000008005708                HAL_UART_Transmit
 .text.UART_SetConfig
                0x0000000008005830      0x50c ./Drivers/STM32L4xx_HAL_Driver/Src/stm32l4xx_hal_uart.o
                0x0000000008005830                UART_SetConfig
 .text.UART_AdvFeatureConfig
                0x0000000008005d3c      0x144 ./Drivers/STM32L4xx_HAL_Driver/Src/stm32l4xx_hal_uart.o
                0x0000000008005d3c                UART_AdvFeatureConfig
 .text.UART_CheckIdleState
                0x0000000008005e80       0x92 ./Drivers/STM32L4xx_HAL_Driver/Src/stm32l4xx_hal_uart.o
                0x0000000008005e80                UART_CheckIdleState
 .text.UART_WaitOnFlagUntilTimeout
                0x0000000008005f12      0x188 ./Drivers/STM32L4xx_HAL_Driver/Src/stm32l4xx_hal_uart.o
                0x0000000008005f12                UART_WaitOnFlagUntilTimeout
 *fill*         0x000000000800609a        0x2 
 .text.__NVIC_SetPriority
                0x000000000800609c       0x54 ./Middlewares/Third_Party/FreeRTOS/Source/CMSIS_RTOS_V2/cmsis_os2.o
 .text.SysTick_Handler
                0x00000000080060f0       0x20 ./Middlewares/Third_Party/FreeRTOS/Source/CMSIS_RTOS_V2/cmsis_os2.o
                0x00000000080060f0                SysTick_Handler
 .text.SVC_Setup
                0x0000000008006110       0x12 ./Middlewares/Third_Party/FreeRTOS/Source/CMSIS_RTOS_V2/cmsis_os2.o
 *fill*         0x0000000008006122        0x2 
 .text.osKernelInitialize
                0x0000000008006124       0x48 ./Middlewares/Third_Party/FreeRTOS/Source/CMSIS_RTOS_V2/cmsis_os2.o
                0x0000000008006124                osKernelInitialize
 .text.osKernelStart
                0x000000000800616c       0x4c ./Middlewares/Third_Party/FreeRTOS/Source/CMSIS_RTOS_V2/cmsis_os2.o
                0x000000000800616c                osKernelStart
 .text.osThreadNew
                0x00000000080061b8      0x124 ./Middlewares/Third_Party/FreeRTOS/Source/CMSIS_RTOS_V2/cmsis_os2.o
                0x00000000080061b8                osThreadNew
 .text.osDelay  0x00000000080062dc       0x36 ./Middlewares/Third_Party/FreeRTOS/Source/CMSIS_RTOS_V2/cmsis_os2.o
                0x00000000080062dc                osDelay
 .text.osSemaphoreNew
                0x0000000008006312      0x112 ./Middlewares/Third_Party/FreeRTOS/Source/CMSIS_RTOS_V2/cmsis_os2.o
                0x0000000008006312                osSemaphoreNew
 .text.osSemaphoreAcquire
                0x0000000008006424       0xa4 ./Middlewares/Third_Party/FreeRTOS/Source/CMSIS_RTOS_V2/cmsis_os2.o
                0x0000000008006424                osSemaphoreAcquire
 .text.osSemaphoreRelease
                0x00000000080064c8       0x88 ./Middlewares/Third_Party/FreeRTOS/Source/CMSIS_RTOS_V2/cmsis_os2.o
                0x00000000080064c8                osSemaphoreRelease
 .text.osMessageQueueNew
                0x0000000008006550       0xe6 ./Middlewares/Third_Party/FreeRTOS/Source/CMSIS_RTOS_V2/cmsis_os2.o
                0x0000000008006550                osMessageQueueNew
 *fill*         0x0000000008006636        0x2 
 .text.osMessageQueuePut
                0x0000000008006638       0xc0 ./Middlewares/Third_Party/FreeRTOS/Source/CMSIS_RTOS_V2/cmsis_os2.o
                0x0000000008006638                osMessageQueuePut
 .text.osMessageQueueGet
                0x00000000080066f8       0xbc ./Middlewares/Third_Party/FreeRTOS/Source/CMSIS_RTOS_V2/cmsis_os2.o
                0x00000000080066f8                osMessageQueueGet
 .text.osMessageQueueReset
                0x00000000080067b4       0x44 ./Middlewares/Third_Party/FreeRTOS/Source/CMSIS_RTOS_V2/cmsis_os2.o
                0x00000000080067b4                osMessageQueueReset
 .text.vApplicationGetIdleTaskMemory
                0x00000000080067f8       0x34 ./Middlewares/Third_Party/FreeRTOS/Source/CMSIS_RTOS_V2/cmsis_os2.o
                0x00000000080067f8                vApplicationGetIdleTaskMemory
 .text.vApplicationGetTimerTaskMemory
                0x000000000800682c       0x34 ./Middlewares/Third_Party/FreeRTOS/Source/CMSIS_RTOS_V2/cmsis_os2.o
                0x000000000800682c                vApplicationGetTimerTaskMemory
 .text.vListInitialise
                0x0000000008006860       0x40 ./Middlewares/Third_Party/FreeRTOS/Source/list.o
                0x0000000008006860                vListInitialise
 .text.vListInitialiseItem
                0x00000000080068a0       0x1a ./Middlewares/Third_Party/FreeRTOS/Source/list.o
                0x00000000080068a0                vListInitialiseItem
 .text.vListInsertEnd
                0x00000000080068ba       0x48 ./Middlewares/Third_Party/FreeRTOS/Source/list.o
                0x00000000080068ba                vListInsertEnd
 .text.vListInsert
                0x0000000008006902       0x72 ./Middlewares/Third_Party/FreeRTOS/Source/list.o
                0x0000000008006902                vListInsert
 .text.uxListRemove
                0x0000000008006974       0x54 ./Middlewares/Third_Party/FreeRTOS/Source/list.o
                0x0000000008006974                uxListRemove
 .text.xQueueGenericReset
                0x00000000080069c8       0xd0 ./Middlewares/Third_Party/FreeRTOS/Source/queue.o
                0x00000000080069c8                xQueueGenericReset
 .text.xQueueGenericCreateStatic
                0x0000000008006a98       0xf0 ./Middlewares/Third_Party/FreeRTOS/Source/queue.o
                0x0000000008006a98                xQueueGenericCreateStatic
 .text.xQueueGenericCreate
                0x0000000008006b88       0x74 ./Middlewares/Third_Party/FreeRTOS/Source/queue.o
                0x0000000008006b88                xQueueGenericCreate
 .text.prvInitialiseNewQueue
                0x0000000008006bfc       0x46 ./Middlewares/Third_Party/FreeRTOS/Source/queue.o
 .text.xQueueCreateCountingSemaphoreStatic
                0x0000000008006c42       0x6e ./Middlewares/Third_Party/FreeRTOS/Source/queue.o
                0x0000000008006c42                xQueueCreateCountingSemaphoreStatic
 .text.xQueueCreateCountingSemaphore
                0x0000000008006cb0       0x66 ./Middlewares/Third_Party/FreeRTOS/Source/queue.o
                0x0000000008006cb0                xQueueCreateCountingSemaphore
 *fill*         0x0000000008006d16        0x2 
 .text.xQueueGenericSend
                0x0000000008006d18      0x1fc ./Middlewares/Third_Party/FreeRTOS/Source/queue.o
                0x0000000008006d18                xQueueGenericSend
 .text.xQueueGenericSendFromISR
                0x0000000008006f14      0x136 ./Middlewares/Third_Party/FreeRTOS/Source/queue.o
                0x0000000008006f14                xQueueGenericSendFromISR
 .text.xQueueGiveFromISR
                0x000000000800704a      0x11a ./Middlewares/Third_Party/FreeRTOS/Source/queue.o
                0x000000000800704a                xQueueGiveFromISR
 .text.xQueueReceive
                0x0000000008007164      0x1c0 ./Middlewares/Third_Party/FreeRTOS/Source/queue.o
                0x0000000008007164                xQueueReceive
 .text.xQueueSemaphoreTake
                0x0000000008007324      0x218 ./Middlewares/Third_Party/FreeRTOS/Source/queue.o
                0x0000000008007324                xQueueSemaphoreTake
 .text.xQueueReceiveFromISR
                0x000000000800753c      0x100 ./Middlewares/Third_Party/FreeRTOS/Source/queue.o
                0x000000000800753c                xQueueReceiveFromISR
 .text.vQueueDelete
                0x000000000800763c       0x46 ./Middlewares/Third_Party/FreeRTOS/Source/queue.o
                0x000000000800763c                vQueueDelete
 .text.prvGetDisinheritPriorityAfterTimeout
                0x0000000008007682       0x30 ./Middlewares/Third_Party/FreeRTOS/Source/queue.o
 .text.prvCopyDataToQueue
                0x00000000080076b2       0xd4 ./Middlewares/Third_Party/FreeRTOS/Source/queue.o
 .text.prvCopyDataFromQueue
                0x0000000008007786       0x4c ./Middlewares/Third_Party/FreeRTOS/Source/queue.o
 .text.prvUnlockQueue
                0x00000000080077d2       0xa4 ./Middlewares/Third_Party/FreeRTOS/Source/queue.o
 .text.prvIsQueueEmpty
                0x0000000008007876       0x2c ./Middlewares/Third_Party/FreeRTOS/Source/queue.o
 .text.prvIsQueueFull
                0x00000000080078a2       0x30 ./Middlewares/Third_Party/FreeRTOS/Source/queue.o
 *fill*         0x00000000080078d2        0x2 
 .text.vQueueAddToRegistry
                0x00000000080078d4       0x54 ./Middlewares/Third_Party/FreeRTOS/Source/queue.o
                0x00000000080078d4                vQueueAddToRegistry
 .text.vQueueUnregisterQueue
                0x0000000008007928       0x54 ./Middlewares/Third_Party/FreeRTOS/Source/queue.o
                0x0000000008007928                vQueueUnregisterQueue
 .text.vQueueWaitForMessageRestricted
                0x000000000800797c       0x68 ./Middlewares/Third_Party/FreeRTOS/Source/queue.o
                0x000000000800797c                vQueueWaitForMessageRestricted
 .text.xTaskCreateStatic
                0x00000000080079e4       0xba ./Middlewares/Third_Party/FreeRTOS/Source/tasks.o
                0x00000000080079e4                xTaskCreateStatic
 .text.xTaskCreate
                0x0000000008007a9e       0x8a ./Middlewares/Third_Party/FreeRTOS/Source/tasks.o
                0x0000000008007a9e                xTaskCreate
 .text.prvInitialiseNewTask
                0x0000000008007b28      0x14c ./Middlewares/Third_Party/FreeRTOS/Source/tasks.o
 .text.prvAddNewTaskToReadyList
                0x0000000008007c74       0xe0 ./Middlewares/Third_Party/FreeRTOS/Source/tasks.o
 .text.vTaskDelay
                0x0000000008007d54       0x68 ./Middlewares/Third_Party/FreeRTOS/Source/tasks.o
                0x0000000008007d54                vTaskDelay
 .text.vTaskStartScheduler
                0x0000000008007dbc       0xe0 ./Middlewares/Third_Party/FreeRTOS/Source/tasks.o
                0x0000000008007dbc                vTaskStartScheduler
 .text.vTaskSuspendAll
                0x0000000008007e9c       0x1c ./Middlewares/Third_Party/FreeRTOS/Source/tasks.o
                0x0000000008007e9c                vTaskSuspendAll
 .text.prvGetExpectedIdleTime
                0x0000000008007eb8       0x70 ./Middlewares/Third_Party/FreeRTOS/Source/tasks.o
 .text.xTaskResumeAll
                0x0000000008007f28      0x13c ./Middlewares/Third_Party/FreeRTOS/Source/tasks.o
                0x0000000008007f28                xTaskResumeAll
 .text.xTaskGetTickCount
                0x0000000008008064       0x20 ./Middlewares/Third_Party/FreeRTOS/Source/tasks.o
                0x0000000008008064                xTaskGetTickCount
 .text.vTaskStepTick
                0x0000000008008084       0x50 ./Middlewares/Third_Party/FreeRTOS/Source/tasks.o
                0x0000000008008084                vTaskStepTick
 .text.xTaskIncrementTick
                0x00000000080080d4      0x174 ./Middlewares/Third_Party/FreeRTOS/Source/tasks.o
                0x00000000080080d4                xTaskIncrementTick
 .text.vTaskSwitchContext
                0x0000000008008248       0xc8 ./Middlewares/Third_Party/FreeRTOS/Source/tasks.o
                0x0000000008008248                vTaskSwitchContext
 .text.vTaskPlaceOnEventList
                0x0000000008008310       0x48 ./Middlewares/Third_Party/FreeRTOS/Source/tasks.o
                0x0000000008008310                vTaskPlaceOnEventList
 .text.vTaskPlaceOnEventListRestricted
                0x0000000008008358       0x58 ./Middlewares/Third_Party/FreeRTOS/Source/tasks.o
                0x0000000008008358                vTaskPlaceOnEventListRestricted
 .text.xTaskRemoveFromEventList
                0x00000000080083b0       0xcc ./Middlewares/Third_Party/FreeRTOS/Source/tasks.o
                0x00000000080083b0                xTaskRemoveFromEventList
 .text.vTaskInternalSetTimeOutState
                0x000000000800847c       0x2c ./Middlewares/Third_Party/FreeRTOS/Source/tasks.o
                0x000000000800847c                vTaskInternalSetTimeOutState
 .text.xTaskCheckForTimeOut
                0x00000000080084a8       0xc4 ./Middlewares/Third_Party/FreeRTOS/Source/tasks.o
                0x00000000080084a8                xTaskCheckForTimeOut
 .text.vTaskMissedYield
                0x000000000800856c       0x18 ./Middlewares/Third_Party/FreeRTOS/Source/tasks.o
                0x000000000800856c                vTaskMissedYield
 .text.prvIdleTask
                0x0000000008008584       0x80 ./Middlewares/Third_Party/FreeRTOS/Source/tasks.o
 .text.eTaskConfirmSleepModeStatus
                0x0000000008008604       0x5c ./Middlewares/Third_Party/FreeRTOS/Source/tasks.o
                0x0000000008008604                eTaskConfirmSleepModeStatus
 .text.prvInitialiseTaskLists
                0x0000000008008660       0x80 ./Middlewares/Third_Party/FreeRTOS/Source/tasks.o
 .text.prvCheckTasksWaitingTermination
                0x00000000080086e0       0x5c ./Middlewares/Third_Party/FreeRTOS/Source/tasks.o
 .text.prvDeleteTCB
                0x000000000800873c       0x68 ./Middlewares/Third_Party/FreeRTOS/Source/tasks.o
 .text.prvResetNextTaskUnblockTime
                0x00000000080087a4       0x40 ./Middlewares/Third_Party/FreeRTOS/Source/tasks.o
 .text.xTaskGetSchedulerState
                0x00000000080087e4       0x3c ./Middlewares/Third_Party/FreeRTOS/Source/tasks.o
                0x00000000080087e4                xTaskGetSchedulerState
 .text.xTaskPriorityInherit
                0x0000000008008820       0xd0 ./Middlewares/Third_Party/FreeRTOS/Source/tasks.o
                0x0000000008008820                xTaskPriorityInherit
 .text.xTaskPriorityDisinherit
                0x00000000080088f0       0xdc ./Middlewares/Third_Party/FreeRTOS/Source/tasks.o
                0x00000000080088f0                xTaskPriorityDisinherit
 .text.vTaskPriorityDisinheritAfterTimeout
                0x00000000080089cc      0x104 ./Middlewares/Third_Party/FreeRTOS/Source/tasks.o
                0x00000000080089cc                vTaskPriorityDisinheritAfterTimeout
 .text.pvTaskIncrementMutexHeldCount
                0x0000000008008ad0       0x28 ./Middlewares/Third_Party/FreeRTOS/Source/tasks.o
                0x0000000008008ad0                pvTaskIncrementMutexHeldCount
 .text.prvAddCurrentTaskToDelayedList
                0x0000000008008af8       0xa8 ./Middlewares/Third_Party/FreeRTOS/Source/tasks.o
 .text.xTimerCreateTimerTask
                0x0000000008008ba0       0x90 ./Middlewares/Third_Party/FreeRTOS/Source/timers.o
                0x0000000008008ba0                xTimerCreateTimerTask
 .text.xTimerGenericCommand
                0x0000000008008c30       0x9c ./Middlewares/Third_Party/FreeRTOS/Source/timers.o
                0x0000000008008c30                xTimerGenericCommand
 .text.prvProcessExpiredTimer
                0x0000000008008ccc       0x98 ./Middlewares/Third_Party/FreeRTOS/Source/timers.o
 .text.prvTimerTask
                0x0000000008008d64       0x24 ./Middlewares/Third_Party/FreeRTOS/Source/timers.o
 .text.prvProcessTimerOrBlockTask
                0x0000000008008d88       0x9c ./Middlewares/Third_Party/FreeRTOS/Source/timers.o
 .text.prvGetNextExpireTime
                0x0000000008008e24       0x48 ./Middlewares/Third_Party/FreeRTOS/Source/timers.o
 .text.prvSampleTimeNow
                0x0000000008008e6c       0x40 ./Middlewares/Third_Party/FreeRTOS/Source/timers.o
 .text.prvInsertTimerInActiveList
                0x0000000008008eac       0x84 ./Middlewares/Third_Party/FreeRTOS/Source/timers.o
 .text.prvProcessReceivedCommands
                0x0000000008008f30      0x1c4 ./Middlewares/Third_Party/FreeRTOS/Source/timers.o
 .text.prvSwitchTimerLists
                0x00000000080090f4       0xc8 ./Middlewares/Third_Party/FreeRTOS/Source/timers.o
 .text.prvCheckForValidListAndQueue
                0x00000000080091bc       0x80 ./Middlewares/Third_Party/FreeRTOS/Source/timers.o
 .text.pxPortInitialiseStack
                0x000000000800923c       0x68 ./Middlewares/Third_Party/FreeRTOS/Source/portable/GCC/ARM_CM4F/port.o
                0x000000000800923c                pxPortInitialiseStack
 .text.prvTaskExitError
                0x00000000080092a4       0x58 ./Middlewares/Third_Party/FreeRTOS/Source/portable/GCC/ARM_CM4F/port.o
 *fill*         0x00000000080092fc        0x4 
 .text.SVC_Handler
                0x0000000008009300       0x28 ./Middlewares/Third_Party/FreeRTOS/Source/portable/GCC/ARM_CM4F/port.o
                0x0000000008009300                SVC_Handler
 .text.prvPortStartFirstTask
                0x0000000008009328       0x28 ./Middlewares/Third_Party/FreeRTOS/Source/portable/GCC/ARM_CM4F/port.o
 .text.xPortStartScheduler
                0x0000000008009350      0x144 ./Middlewares/Third_Party/FreeRTOS/Source/portable/GCC/ARM_CM4F/port.o
                0x0000000008009350                xPortStartScheduler
 .text.vPortEnterCritical
                0x0000000008009494       0x60 ./Middlewares/Third_Party/FreeRTOS/Source/portable/GCC/ARM_CM4F/port.o
                0x0000000008009494                vPortEnterCritical
 .text.vPortExitCritical
                0x00000000080094f4       0x54 ./Middlewares/Third_Party/FreeRTOS/Source/portable/GCC/ARM_CM4F/port.o
                0x00000000080094f4                vPortExitCritical
 *fill*         0x0000000008009548        0x8 
 .text.PendSV_Handler
                0x0000000008009550       0x68 ./Middlewares/Third_Party/FreeRTOS/Source/portable/GCC/ARM_CM4F/port.o
                0x0000000008009550                PendSV_Handler
 .text.xPortSysTickHandler
                0x00000000080095b8       0x44 ./Middlewares/Third_Party/FreeRTOS/Source/portable/GCC/ARM_CM4F/port.o
                0x00000000080095b8                xPortSysTickHandler
 .text.vPortSuppressTicksAndSleep
                0x00000000080095fc      0x188 ./Middlewares/Third_Party/FreeRTOS/Source/portable/GCC/ARM_CM4F/port.o
                0x00000000080095fc                vPortSuppressTicksAndSleep
 .text.vPortSetupTimerInterrupt
                0x0000000008009784       0x78 ./Middlewares/Third_Party/FreeRTOS/Source/portable/GCC/ARM_CM4F/port.o
                0x0000000008009784                vPortSetupTimerInterrupt
 .text.vPortEnableVFP
                0x00000000080097fc       0x14 ./Middlewares/Third_Party/FreeRTOS/Source/portable/GCC/ARM_CM4F/port.o
 .text.vPortValidateInterruptPriority
                0x0000000008009810       0x80 ./Middlewares/Third_Party/FreeRTOS/Source/portable/GCC/ARM_CM4F/port.o
                0x0000000008009810                vPortValidateInterruptPriority
 .text.pvPortMalloc
                0x0000000008009890      0x198 ./Middlewares/Third_Party/FreeRTOS/Source/portable/MemMang/heap_4.o
                0x0000000008009890                pvPortMalloc
 .text.vPortFree
                0x0000000008009a28       0xc4 ./Middlewares/Third_Party/FreeRTOS/Source/portable/MemMang/heap_4.o
                0x0000000008009a28                vPortFree
 .text.prvHeapInit
                0x0000000008009aec       0xc4 ./Middlewares/Third_Party/FreeRTOS/Source/portable/MemMang/heap_4.o
 .text.prvInsertBlockIntoFreeList
                0x0000000008009bb0       0xb4 ./Middlewares/Third_Party/FreeRTOS/Source/portable/MemMang/heap_4.o
 .text.fm_calendar_get
                0x0000000008009c64       0x28 ./libs/fm_calendar/fm_calendar.o
                0x0000000008009c64                fm_calendar_get
 .text.fm_calendar_get_hour
                0x0000000008009c8c       0x14 ./libs/fm_calendar/fm_calendar.o
                0x0000000008009c8c                fm_calendar_get_hour
 .text.fm_calendar_get_minute
                0x0000000008009ca0       0x14 ./libs/fm_calendar/fm_calendar.o
                0x0000000008009ca0                fm_calendar_get_minute
 .text.fm_calendar_get_second
                0x0000000008009cb4       0x14 ./libs/fm_calendar/fm_calendar.o
                0x0000000008009cb4                fm_calendar_get_second
 .text.fm_calendar_get_day
                0x0000000008009cc8       0x14 ./libs/fm_calendar/fm_calendar.o
                0x0000000008009cc8                fm_calendar_get_day
 .text.fm_calendar_get_month
                0x0000000008009cdc       0x14 ./libs/fm_calendar/fm_calendar.o
                0x0000000008009cdc                fm_calendar_get_month
 .text.fm_calendar_get_year
                0x0000000008009cf0       0x14 ./libs/fm_calendar/fm_calendar.o
                0x0000000008009cf0                fm_calendar_get_year
 .text.fm_calendar_format_time
                0x0000000008009d04       0x4c ./libs/fm_calendar/fm_calendar.o
                0x0000000008009d04                fm_calendar_format_time
 .text.fm_calendar_format_date
                0x0000000008009d50       0x4c ./libs/fm_calendar/fm_calendar.o
                0x0000000008009d50                fm_calendar_format_date
 .text.fm_debug_msg_uart
                0x0000000008009d9c       0x38 ./libs/fm_debug/fm_debug.o
                0x0000000008009d9c                fm_debug_msg_uart
 .text.fm_event_init
                0x0000000008009dd4       0x20 ./libs/fm_event/fm_event.o
                0x0000000008009dd4                fm_event_init
 .text.fm_factory_get_acm
                0x0000000008009df4       0x2c ./libs/fm_factory/fm_factory.o
                0x0000000008009df4                fm_factory_get_acm
 .text.fm_factory_get_ttl
                0x0000000008009e20       0x2c ./libs/fm_factory/fm_factory.o
                0x0000000008009e20                fm_factory_get_ttl
 .text.fm_factory_get_rate
                0x0000000008009e4c       0x2c ./libs/fm_factory/fm_factory.o
                0x0000000008009e4c                fm_factory_get_rate
 .text.fm_factory_get_temp
                0x0000000008009e78       0x24 ./libs/fm_factory/fm_factory.o
                0x0000000008009e78                fm_factory_get_temp
 .text.fm_factory_get_units_tim
                0x0000000008009e9c       0x24 ./libs/fm_factory/fm_factory.o
                0x0000000008009e9c                fm_factory_get_units_tim
 .text.fm_factory_get_units_vol
                0x0000000008009ec0       0x24 ./libs/fm_factory/fm_factory.o
                0x0000000008009ec0                fm_factory_get_units_vol
 .text.fm_factory_get_k_factor
                0x0000000008009ee4       0xb8 ./libs/fm_factory/fm_factory.o
                0x0000000008009ee4                fm_factory_get_k_factor
 .text.fm_factory_get_frec_lin
                0x0000000008009f9c       0xa0 ./libs/fm_factory/fm_factory.o
                0x0000000008009f9c                fm_factory_get_frec_lin
 .text.fm_factory_get_date_time
                0x000000000800a03c       0x2c ./libs/fm_factory/fm_factory.o
                0x000000000800a03c                fm_factory_get_date_time
 .text.fm_factory_get_fp_date
                0x000000000800a068       0x24 ./libs/fm_factory/fm_factory.o
                0x000000000800a068                fm_factory_get_fp_date
 .text.fm_factory_get_fp_time
                0x000000000800a08c       0x24 ./libs/fm_factory/fm_factory.o
                0x000000000800a08c                fm_factory_get_fp_time
 .text.fm_factory_get_fp_date_conf
                0x000000000800a0b0       0x24 ./libs/fm_factory/fm_factory.o
                0x000000000800a0b0                fm_factory_get_fp_date_conf
 .text.fm_factory_get_fp_time_conf
                0x000000000800a0d4       0x24 ./libs/fm_factory/fm_factory.o
                0x000000000800a0d4                fm_factory_get_fp_time_conf
 .text.fm_factory_modify_fp_date
                0x000000000800a0f8       0x20 ./libs/fm_factory/fm_factory.o
                0x000000000800a0f8                fm_factory_modify_fp_date
 .text.fm_factory_modify_fp_time
                0x000000000800a118       0x20 ./libs/fm_factory/fm_factory.o
                0x000000000800a118                fm_factory_modify_fp_time
 .text.fm_factory_modify_date
                0x000000000800a138       0x58 ./libs/fm_factory/fm_factory.o
                0x000000000800a138                fm_factory_modify_date
 .text.fm_factory_modify_time
                0x000000000800a190       0x50 ./libs/fm_factory/fm_factory.o
                0x000000000800a190                fm_factory_modify_time
 .text.fm_factory_modify_k_factor_add
                0x000000000800a1e0       0x80 ./libs/fm_factory/fm_factory.o
                0x000000000800a1e0                fm_factory_modify_k_factor_add
 .text.fm_factory_modify_k_factor_subs
                0x000000000800a260       0x80 ./libs/fm_factory/fm_factory.o
                0x000000000800a260                fm_factory_modify_k_factor_subs
 .text.fm_factory_modify_k_lin_add
                0x000000000800a2e0      0x1d8 ./libs/fm_factory/fm_factory.o
                0x000000000800a2e0                fm_factory_modify_k_lin_add
 .text.fm_factory_modify_k_lin_subs
                0x000000000800a4b8      0x1d8 ./libs/fm_factory/fm_factory.o
                0x000000000800a4b8                fm_factory_modify_k_lin_subs
 .text.fm_factory_modify_res_acm_ttl
                0x000000000800a690       0x3c ./libs/fm_factory/fm_factory.o
                0x000000000800a690                fm_factory_modify_res_acm_ttl
 .text.fm_factory_modify_res_rate
                0x000000000800a6cc       0x30 ./libs/fm_factory/fm_factory.o
                0x000000000800a6cc                fm_factory_modify_res_rate
 .text.fm_factory_modify_time_units
                0x000000000800a6fc       0x34 ./libs/fm_factory/fm_factory.o
                0x000000000800a6fc                fm_factory_modify_time_units
 .text.fm_factory_modify_volume_units
                0x000000000800a730       0x34 ./libs/fm_factory/fm_factory.o
                0x000000000800a730                fm_factory_modify_volume_units
 .text.fm_factory_separate_k_factor
                0x000000000800a764       0x78 ./libs/fm_factory/fm_factory.o
                0x000000000800a764                fm_factory_separate_k_factor
 .text.fm_factory_separate_k_lin_and_frec
                0x000000000800a7dc       0xe4 ./libs/fm_factory/fm_factory.o
                0x000000000800a7dc                fm_factory_separate_k_lin_and_frec
 .text.HAL_GPIO_EXTI_Callback
                0x000000000800a8c0       0x7c ./libs/fm_keypad/fm_keypad.o
                0x000000000800a8c0                HAL_GPIO_EXTI_Callback
 .text.fm_lcd_acm_rate
                0x000000000800a93c       0xd6 ./libs/fm_lcd/fm_lcd.o
                0x000000000800a93c                fm_lcd_acm_rate
 .text.fm_lcd_acm_temp
                0x000000000800aa12       0xb0 ./libs/fm_lcd/fm_lcd.o
                0x000000000800aa12                fm_lcd_acm_temp
 .text.fm_lcd_clear
                0x000000000800aac2        0xc ./libs/fm_lcd/fm_lcd.o
                0x000000000800aac2                fm_lcd_clear
 *fill*         0x000000000800aace        0x2 
 .text.fm_lcd_date_hour
                0x000000000800aad0      0x198 ./libs/fm_lcd/fm_lcd.o
                0x000000000800aad0                fm_lcd_date_hour
 .text.fm_lcd_format_number_in_line
                0x000000000800ac68       0x48 ./libs/fm_lcd/fm_lcd.o
                0x000000000800ac68                fm_lcd_format_number_in_line
 .text.fm_lcd_fp_add_dot
                0x000000000800acb0       0x88 ./libs/fm_lcd/fm_lcd.o
                0x000000000800acb0                fm_lcd_fp_add_dot
 .text.fm_lcd_fp_to_str
                0x000000000800ad38      0x140 ./libs/fm_lcd/fm_lcd.o
                0x000000000800ad38                fm_lcd_fp_to_str
 .text.fm_lcd_init
                0x000000000800ae78       0x10 ./libs/fm_lcd/fm_lcd.o
                0x000000000800ae78                fm_lcd_init
 .text.fm_lcd_k_factor
                0x000000000800ae88       0x98 ./libs/fm_lcd/fm_lcd.o
                0x000000000800ae88                fm_lcd_k_factor
 .text.fm_lcd_k_lin
                0x000000000800af20      0x15c ./libs/fm_lcd/fm_lcd.o
                0x000000000800af20                fm_lcd_k_lin
 .text.fm_lcd_puts
                0x000000000800b07c       0x82 ./libs/fm_lcd/fm_lcd.o
                0x000000000800b07c                fm_lcd_puts
 .text.fm_lcd_refresh
                0x000000000800b0fe        0xc ./libs/fm_lcd/fm_lcd.o
                0x000000000800b0fe                fm_lcd_refresh
 .text.fm_lcd_ttl_rate
                0x000000000800b10a       0xd6 ./libs/fm_lcd/fm_lcd.o
                0x000000000800b10a                fm_lcd_ttl_rate
 .text.fm_lcd_units_tim
                0x000000000800b1e0      0x118 ./libs/fm_lcd/fm_lcd.o
                0x000000000800b1e0                fm_lcd_units_tim
 .text.fm_lcd_units_vol
                0x000000000800b2f8      0x120 ./libs/fm_lcd/fm_lcd.o
                0x000000000800b2f8                fm_lcd_units_vol
 .text.fm_lcd_version
                0x000000000800b418       0x52 ./libs/fm_lcd/fm_lcd.o
                0x000000000800b418                fm_lcd_version
 *fill*         0x000000000800b46a        0x2 
 .text.lcd_clear_all
                0x000000000800b46c       0x50 ./libs/fm_lcd/lcd.o
                0x000000000800b46c                lcd_clear_all
 .text.lcd_clear_digit
                0x000000000800b4bc      0x67c ./libs/fm_lcd/lcd.o
                0x000000000800b4bc                lcd_clear_digit
 .text.lcd_clear_point
                0x000000000800bb38      0x158 ./libs/fm_lcd/lcd.o
                0x000000000800bb38                lcd_clear_point
 .text.lcd_clear_time_unit
                0x000000000800bc90       0x84 ./libs/fm_lcd/lcd.o
                0x000000000800bc90                lcd_clear_time_unit
 .text.lcd_clear_vol_unit
                0x000000000800bd14      0x3f4 ./libs/fm_lcd/lcd.o
                0x000000000800bd14                lcd_clear_vol_unit
 .text.lcd_init
                0x000000000800c108        0xc ./libs/fm_lcd/lcd.o
                0x000000000800c108                lcd_init
 .text.lcd_put_char
                0x000000000800c114      0x3d4 ./libs/fm_lcd/lcd.o
                0x000000000800c114                lcd_put_char
 .text.lcd_refresh
                0x000000000800c4e8        0xc ./libs/fm_lcd/lcd.o
                0x000000000800c4e8                lcd_refresh
 .text.lcd_set_point
                0x000000000800c4f4      0x158 ./libs/fm_lcd/lcd.o
                0x000000000800c4f4                lcd_set_point
 .text.lcd_set_symbol
                0x000000000800c64c      0x684 ./libs/fm_lcd/lcd.o
                0x000000000800c64c                lcd_set_symbol
 .text.lcd_set_time_unit
                0x000000000800ccd0       0x84 ./libs/fm_lcd/lcd.o
                0x000000000800ccd0                lcd_set_time_unit
 .text.lcd_set_vol_unit
                0x000000000800cd54      0x3f4 ./libs/fm_lcd/lcd.o
                0x000000000800cd54                lcd_set_vol_unit
 .text.lcd_write_line
                0x000000000800d148       0xfc ./libs/fm_lcd/lcd.o
                0x000000000800d148                lcd_write_line
 .text.prepare_to_send
                0x000000000800d244       0x44 ./libs/fm_lcd/pcf8553.o
 .text.spi1_init
                0x000000000800d288       0x7c ./libs/fm_lcd/pcf8553.o
 .text.pcf8553_blink
                0x000000000800d304       0x58 ./libs/fm_lcd/pcf8553.o
                0x000000000800d304                pcf8553_blink
 .text.pcf8553_clear_buff
                0x000000000800d35c       0x34 ./libs/fm_lcd/pcf8553.o
                0x000000000800d35c                pcf8553_clear_buff
 .text.pcf8553_dump
                0x000000000800d390       0x58 ./libs/fm_lcd/pcf8553.o
                0x000000000800d390                pcf8553_dump
 .text.pcf8553_init
                0x000000000800d3e8       0x6c ./libs/fm_lcd/pcf8553.o
                0x000000000800d3e8                pcf8553_init
 .text.pcf8553_reset
                0x000000000800d454       0x28 ./libs/fm_lcd/pcf8553.o
                0x000000000800d454                pcf8553_reset
 .text.pcf8553_write_all
                0x000000000800d47c       0x38 ./libs/fm_lcd/pcf8553.o
                0x000000000800d47c                pcf8553_write_all
 .text.fm_menu_config_date_hour
                0x000000000800d4b4      0x938 ./libs/fm_menu_config/fm_menu_config.o
                0x000000000800d4b4                fm_menu_config_date_hour
 .text.fm_menu_config_k_lin_1
                0x000000000800ddec      0x16c ./libs/fm_menu_config/fm_menu_config.o
                0x000000000800ddec                fm_menu_config_k_lin_1
 .text.fm_menu_config_k_lin_2
                0x000000000800df58      0x16c ./libs/fm_menu_config/fm_menu_config.o
                0x000000000800df58                fm_menu_config_k_lin_2
 .text.fm_menu_config_k_lin_3
                0x000000000800e0c4      0x16c ./libs/fm_menu_config/fm_menu_config.o
                0x000000000800e0c4                fm_menu_config_k_lin_3
 .text.fm_menu_config_k_lin_4
                0x000000000800e230      0x16c ./libs/fm_menu_config/fm_menu_config.o
                0x000000000800e230                fm_menu_config_k_lin_4
 .text.fm_menu_config_k_lin_5
                0x000000000800e39c      0x16c ./libs/fm_menu_config/fm_menu_config.o
                0x000000000800e39c                fm_menu_config_k_lin_5
 .text.fm_menu_config_k_param
                0x000000000800e508      0x1d0 ./libs/fm_menu_config/fm_menu_config.o
                0x000000000800e508                fm_menu_config_k_param
 .text.fm_menu_config_pass
                0x000000000800e6d8      0x2c0 ./libs/fm_menu_config/fm_menu_config.o
                0x000000000800e6d8                fm_menu_config_pass
 .text.fm_menu_config_units_tim
                0x000000000800e998      0x208 ./libs/fm_menu_config/fm_menu_config.o
                0x000000000800e998                fm_menu_config_units_tim
 .text.fm_menu_config_units_vol
                0x000000000800eba0      0x264 ./libs/fm_menu_config/fm_menu_config.o
                0x000000000800eba0                fm_menu_config_units_vol
 .text.fm_menu_show_acm_rate
                0x000000000800ee04      0x100 ./libs/fm_menu_user/fm_menu_user.o
                0x000000000800ee04                fm_menu_show_acm_rate
 .text.fm_menu_show_acm_temp
                0x000000000800ef04      0x100 ./libs/fm_menu_user/fm_menu_user.o
                0x000000000800ef04                fm_menu_show_acm_temp
 .text.fm_menu_show_date_hour
                0x000000000800f004       0xec ./libs/fm_menu_user/fm_menu_user.o
                0x000000000800f004                fm_menu_show_date_hour
 .text.fm_menu_show_init
                0x000000000800f0f0      0x12c ./libs/fm_menu_user/fm_menu_user.o
                0x000000000800f0f0                fm_menu_show_init
 .text.fm_menu_show_ttl_rate
                0x000000000800f21c       0xdc ./libs/fm_menu_user/fm_menu_user.o
                0x000000000800f21c                fm_menu_show_ttl_rate
 .text.fm_menu_show_version
                0x000000000800f2f8      0x130 ./libs/fm_menu_user/fm_menu_user.o
                0x000000000800f2f8                fm_menu_show_version
 .text.fm_temp_stm32_get
                0x000000000800f428       0x34 ./libs/fm_temp_stm32/fm_temp_stm32.o
                0x000000000800f428                fm_temp_stm32_get
 .text.fm_temp_stm32_format
                0x000000000800f45c       0x64 ./libs/fm_temp_stm32/fm_temp_stm32.o
                0x000000000800f45c                fm_temp_stm32_format
 .text.fm_version_get
                0x000000000800f4c0       0x34 ./libs/fm_version/fm_version.o
                0x000000000800f4c0                fm_version_get
 .text.fmc_get_acm
                0x000000000800f4f4       0x80 ./libs/fmc/fmc.o
                0x000000000800f4f4                fmc_get_acm
 .text.fmc_get_stm32_temp
                0x000000000800f574       0x4c ./libs/fmc/fmc.o
                0x000000000800f574                fmc_get_stm32_temp
 .text.fmc_get_rate
                0x000000000800f5c0       0x80 ./libs/fmc/fmc.o
                0x000000000800f5c0                fmc_get_rate
 .text.fmc_get_ttl
                0x000000000800f640       0x80 ./libs/fmc/fmc.o
                0x000000000800f640                fmc_get_ttl
 .text.fmc_totalizer_init
                0x000000000800f6c0       0x3c ./libs/fmc/fmc.o
                0x000000000800f6c0                fmc_totalizer_init
 .text.fmc_totalizer_refresh
                0x000000000800f6fc       0x80 ./libs/fmc/fmc.o
                0x000000000800f6fc                fmc_totalizer_refresh
 .text.atoi     0x000000000800f77c        0x8 c:/st/stm32cubeide_1.12.0/stm32cubeide/plugins/com.st.stm32cube.ide.mcu.externaltools.gnu-tools-for-stm32.10.3-2021.10.win32_1.0.200.202301161003/tools/bin/../lib/gcc/arm-none-eabi/10.3.1/../../../../arm-none-eabi/lib/thumb/v7e-m+fp/hard\libc_nano.a(lib_a-atoi.o)
                0x000000000800f77c                atoi
 .text.__errno  0x000000000800f784        0xc c:/st/stm32cubeide_1.12.0/stm32cubeide/plugins/com.st.stm32cube.ide.mcu.externaltools.gnu-tools-for-stm32.10.3-2021.10.win32_1.0.200.202301161003/tools/bin/../lib/gcc/arm-none-eabi/10.3.1/../../../../arm-none-eabi/lib/thumb/v7e-m+fp/hard\libc_nano.a(lib_a-errno.o)
                0x000000000800f784                __errno
 .text.__libc_init_array
                0x000000000800f790       0x48 c:/st/stm32cubeide_1.12.0/stm32cubeide/plugins/com.st.stm32cube.ide.mcu.externaltools.gnu-tools-for-stm32.10.3-2021.10.win32_1.0.200.202301161003/tools/bin/../lib/gcc/arm-none-eabi/10.3.1/../../../../arm-none-eabi/lib/thumb/v7e-m+fp/hard\libc_nano.a(lib_a-init.o)
                0x000000000800f790                __libc_init_array
 .text.__retarget_lock_acquire_recursive
                0x000000000800f7d8        0x2 c:/st/stm32cubeide_1.12.0/stm32cubeide/plugins/com.st.stm32cube.ide.mcu.externaltools.gnu-tools-for-stm32.10.3-2021.10.win32_1.0.200.202301161003/tools/bin/../lib/gcc/arm-none-eabi/10.3.1/../../../../arm-none-eabi/lib/thumb/v7e-m+fp/hard\libc_nano.a(lib_a-lock.o)
                0x000000000800f7d8                __retarget_lock_acquire_recursive
 .text.__retarget_lock_release_recursive
                0x000000000800f7da        0x2 c:/st/stm32cubeide_1.12.0/stm32cubeide/plugins/com.st.stm32cube.ide.mcu.externaltools.gnu-tools-for-stm32.10.3-2021.10.win32_1.0.200.202301161003/tools/bin/../lib/gcc/arm-none-eabi/10.3.1/../../../../arm-none-eabi/lib/thumb/v7e-m+fp/hard\libc_nano.a(lib_a-lock.o)
                0x000000000800f7da                __retarget_lock_release_recursive
 .text.memcpy   0x000000000800f7dc       0x1c c:/st/stm32cubeide_1.12.0/stm32cubeide/plugins/com.st.stm32cube.ide.mcu.externaltools.gnu-tools-for-stm32.10.3-2021.10.win32_1.0.200.202301161003/tools/bin/../lib/gcc/arm-none-eabi/10.3.1/../../../../arm-none-eabi/lib/thumb/v7e-m+fp/hard\libc_nano.a(lib_a-memcpy-stub.o)
                0x000000000800f7dc                memcpy
 .text.memset   0x000000000800f7f8       0x10 c:/st/stm32cubeide_1.12.0/stm32cubeide/plugins/com.st.stm32cube.ide.mcu.externaltools.gnu-tools-for-stm32.10.3-2021.10.win32_1.0.200.202301161003/tools/bin/../lib/gcc/arm-none-eabi/10.3.1/../../../../arm-none-eabi/lib/thumb/v7e-m+fp/hard\libc_nano.a(lib_a-memset.o)
                0x000000000800f7f8                memset
 .text.sbrk_aligned
                0x000000000800f808       0x40 c:/st/stm32cubeide_1.12.0/stm32cubeide/plugins/com.st.stm32cube.ide.mcu.externaltools.gnu-tools-for-stm32.10.3-2021.10.win32_1.0.200.202301161003/tools/bin/../lib/gcc/arm-none-eabi/10.3.1/../../../../arm-none-eabi/lib/thumb/v7e-m+fp/hard\libc_nano.a(lib_a-nano-mallocr.o)
 .text._malloc_r
                0x000000000800f848       0xe8 c:/st/stm32cubeide_1.12.0/stm32cubeide/plugins/com.st.stm32cube.ide.mcu.externaltools.gnu-tools-for-stm32.10.3-2021.10.win32_1.0.200.202301161003/tools/bin/../lib/gcc/arm-none-eabi/10.3.1/../../../../arm-none-eabi/lib/thumb/v7e-m+fp/hard\libc_nano.a(lib_a-nano-mallocr.o)
                0x000000000800f848                _malloc_r
 .text.cleanup_glue
                0x000000000800f930       0x1a c:/st/stm32cubeide_1.12.0/stm32cubeide/plugins/com.st.stm32cube.ide.mcu.externaltools.gnu-tools-for-stm32.10.3-2021.10.win32_1.0.200.202301161003/tools/bin/../lib/gcc/arm-none-eabi/10.3.1/../../../../arm-none-eabi/lib/thumb/v7e-m+fp/hard\libc_nano.a(lib_a-reent.o)
                0x000000000800f930                cleanup_glue
 *fill*         0x000000000800f94a        0x2 
 .text._reclaim_reent
                0x000000000800f94c       0xb8 c:/st/stm32cubeide_1.12.0/stm32cubeide/plugins/com.st.stm32cube.ide.mcu.externaltools.gnu-tools-for-stm32.10.3-2021.10.win32_1.0.200.202301161003/tools/bin/../lib/gcc/arm-none-eabi/10.3.1/../../../../arm-none-eabi/lib/thumb/v7e-m+fp/hard\libc_nano.a(lib_a-reent.o)
                0x000000000800f94c                _reclaim_reent
 .text._sbrk_r  0x000000000800fa04       0x20 c:/st/stm32cubeide_1.12.0/stm32cubeide/plugins/com.st.stm32cube.ide.mcu.externaltools.gnu-tools-for-stm32.10.3-2021.10.win32_1.0.200.202301161003/tools/bin/../lib/gcc/arm-none-eabi/10.3.1/../../../../arm-none-eabi/lib/thumb/v7e-m+fp/hard\libc_nano.a(lib_a-sbrkr.o)
                0x000000000800fa04                _sbrk_r
 .text.snprintf
                0x000000000800fa24       0x68 c:/st/stm32cubeide_1.12.0/stm32cubeide/plugins/com.st.stm32cube.ide.mcu.externaltools.gnu-tools-for-stm32.10.3-2021.10.win32_1.0.200.202301161003/tools/bin/../lib/gcc/arm-none-eabi/10.3.1/../../../../arm-none-eabi/lib/thumb/v7e-m+fp/hard\libc_nano.a(lib_a-snprintf.o)
                0x000000000800fa24                sniprintf
                0x000000000800fa24                snprintf
 .text.sprintf  0x000000000800fa8c       0x40 c:/st/stm32cubeide_1.12.0/stm32cubeide/plugins/com.st.stm32cube.ide.mcu.externaltools.gnu-tools-for-stm32.10.3-2021.10.win32_1.0.200.202301161003/tools/bin/../lib/gcc/arm-none-eabi/10.3.1/../../../../arm-none-eabi/lib/thumb/v7e-m+fp/hard\libc_nano.a(lib_a-sprintf.o)
                0x000000000800fa8c                siprintf
                0x000000000800fa8c                sprintf
 .text._strtol_l.constprop.0
                0x000000000800facc      0x104 c:/st/stm32cubeide_1.12.0/stm32cubeide/plugins/com.st.stm32cube.ide.mcu.externaltools.gnu-tools-for-stm32.10.3-2021.10.win32_1.0.200.202301161003/tools/bin/../lib/gcc/arm-none-eabi/10.3.1/../../../../arm-none-eabi/lib/thumb/v7e-m+fp/hard\libc_nano.a(lib_a-strtol.o)
 .text.strtol   0x000000000800fbd0       0x14 c:/st/stm32cubeide_1.12.0/stm32cubeide/plugins/com.st.stm32cube.ide.mcu.externaltools.gnu-tools-for-stm32.10.3-2021.10.win32_1.0.200.202301161003/tools/bin/../lib/gcc/arm-none-eabi/10.3.1/../../../../arm-none-eabi/lib/thumb/v7e-m+fp/hard\libc_nano.a(lib_a-strtol.o)
                0x000000000800fbd0                strtol
 .text.__malloc_lock
                0x000000000800fbe4        0xc c:/st/stm32cubeide_1.12.0/stm32cubeide/plugins/com.st.stm32cube.ide.mcu.externaltools.gnu-tools-for-stm32.10.3-2021.10.win32_1.0.200.202301161003/tools/bin/../lib/gcc/arm-none-eabi/10.3.1/../../../../arm-none-eabi/lib/thumb/v7e-m+fp/hard\libc_nano.a(lib_a-mlock.o)
                0x000000000800fbe4                __malloc_lock
 .text.__malloc_unlock
                0x000000000800fbf0        0xc c:/st/stm32cubeide_1.12.0/stm32cubeide/plugins/com.st.stm32cube.ide.mcu.externaltools.gnu-tools-for-stm32.10.3-2021.10.win32_1.0.200.202301161003/tools/bin/../lib/gcc/arm-none-eabi/10.3.1/../../../../arm-none-eabi/lib/thumb/v7e-m+fp/hard\libc_nano.a(lib_a-mlock.o)
                0x000000000800fbf0                __malloc_unlock
 .text._free_r  0x000000000800fbfc       0x98 c:/st/stm32cubeide_1.12.0/stm32cubeide/plugins/com.st.stm32cube.ide.mcu.externaltools.gnu-tools-for-stm32.10.3-2021.10.win32_1.0.200.202301161003/tools/bin/../lib/gcc/arm-none-eabi/10.3.1/../../../../arm-none-eabi/lib/thumb/v7e-m+fp/hard\libc_nano.a(lib_a-nano-freer.o)
                0x000000000800fbfc                _free_r
 .text.__ssputs_r
                0x000000000800fc94       0xb6 c:/st/stm32cubeide_1.12.0/stm32cubeide/plugins/com.st.stm32cube.ide.mcu.externaltools.gnu-tools-for-stm32.10.3-2021.10.win32_1.0.200.202301161003/tools/bin/../lib/gcc/arm-none-eabi/10.3.1/../../../../arm-none-eabi/lib/thumb/v7e-m+fp/hard\libc_nano.a(lib_a-nano-svfprintf.o)
                0x000000000800fc94                __ssputs_r
 *fill*         0x000000000800fd4a        0x2 
 .text._svfprintf_r
                0x000000000800fd4c      0x200 c:/st/stm32cubeide_1.12.0/stm32cubeide/plugins/com.st.stm32cube.ide.mcu.externaltools.gnu-tools-for-stm32.10.3-2021.10.win32_1.0.200.202301161003/tools/bin/../lib/gcc/arm-none-eabi/10.3.1/../../../../arm-none-eabi/lib/thumb/v7e-m+fp/hard\libc_nano.a(lib_a-nano-svfprintf.o)
                0x000000000800fd4c                _svfiprintf_r
                0x000000000800fd4c                _svfprintf_r
 .text._printf_common
                0x000000000800ff4c       0xda c:/st/stm32cubeide_1.12.0/stm32cubeide/plugins/com.st.stm32cube.ide.mcu.externaltools.gnu-tools-for-stm32.10.3-2021.10.win32_1.0.200.202301161003/tools/bin/../lib/gcc/arm-none-eabi/10.3.1/../../../../arm-none-eabi/lib/thumb/v7e-m+fp/hard\libc_nano.a(lib_a-nano-vfprintf_i.o)
                0x000000000800ff4c                _printf_common
 *fill*         0x0000000008010026        0x2 
 .text._printf_i
                0x0000000008010028      0x24c c:/st/stm32cubeide_1.12.0/stm32cubeide/plugins/com.st.stm32cube.ide.mcu.externaltools.gnu-tools-for-stm32.10.3-2021.10.win32_1.0.200.202301161003/tools/bin/../lib/gcc/arm-none-eabi/10.3.1/../../../../arm-none-eabi/lib/thumb/v7e-m+fp/hard\libc_nano.a(lib_a-nano-vfprintf_i.o)
                0x0000000008010028                _printf_i
 .text.memmove  0x0000000008010274       0x34 c:/st/stm32cubeide_1.12.0/stm32cubeide/plugins/com.st.stm32cube.ide.mcu.externaltools.gnu-tools-for-stm32.10.3-2021.10.win32_1.0.200.202301161003/tools/bin/../lib/gcc/arm-none-eabi/10.3.1/../../../../arm-none-eabi/lib/thumb/v7e-m+fp/hard\libc_nano.a(lib_a-memmove.o)
                0x0000000008010274                memmove
 .text._realloc_r
                0x00000000080102a8       0x5e c:/st/stm32cubeide_1.12.0/stm32cubeide/plugins/com.st.stm32cube.ide.mcu.externaltools.gnu-tools-for-stm32.10.3-2021.10.win32_1.0.200.202301161003/tools/bin/../lib/gcc/arm-none-eabi/10.3.1/../../../../arm-none-eabi/lib/thumb/v7e-m+fp/hard\libc_nano.a(lib_a-nano-reallocr.o)
                0x00000000080102a8                _realloc_r
 .text._malloc_usable_size_r
                0x0000000008010306       0x10 c:/st/stm32cubeide_1.12.0/stm32cubeide/plugins/com.st.stm32cube.ide.mcu.externaltools.gnu-tools-for-stm32.10.3-2021.10.win32_1.0.200.202301161003/tools/bin/../lib/gcc/arm-none-eabi/10.3.1/../../../../arm-none-eabi/lib/thumb/v7e-m+fp/hard\libc_nano.a(lib_a-nano-msizer.o)
                0x0000000008010306                _malloc_usable_size_r
 *(.glue_7)
 .glue_7        0x0000000008010316        0x0 linker stubs
 *(.glue_7t)
 .glue_7t       0x0000000008010316        0x0 linker stubs
 *(.eh_frame)
 *fill*         0x0000000008010316        0x2 
 .eh_frame      0x0000000008010318        0x0 c:/st/stm32cubeide_1.12.0/stm32cubeide/plugins/com.st.stm32cube.ide.mcu.externaltools.gnu-tools-for-stm32.10.3-2021.10.win32_1.0.200.202301161003/tools/bin/../lib/gcc/arm-none-eabi/10.3.1/thumb/v7e-m+fp/hard/crtbegin.o
 *(.init)
 .init          0x0000000008010318        0x4 c:/st/stm32cubeide_1.12.0/stm32cubeide/plugins/com.st.stm32cube.ide.mcu.externaltools.gnu-tools-for-stm32.10.3-2021.10.win32_1.0.200.202301161003/tools/bin/../lib/gcc/arm-none-eabi/10.3.1/thumb/v7e-m+fp/hard/crti.o
                0x0000000008010318                _init
 .init          0x000000000801031c        0x8 c:/st/stm32cubeide_1.12.0/stm32cubeide/plugins/com.st.stm32cube.ide.mcu.externaltools.gnu-tools-for-stm32.10.3-2021.10.win32_1.0.200.202301161003/tools/bin/../lib/gcc/arm-none-eabi/10.3.1/thumb/v7e-m+fp/hard/crtn.o
 *(.fini)
 .fini          0x0000000008010324        0x4 c:/st/stm32cubeide_1.12.0/stm32cubeide/plugins/com.st.stm32cube.ide.mcu.externaltools.gnu-tools-for-stm32.10.3-2021.10.win32_1.0.200.202301161003/tools/bin/../lib/gcc/arm-none-eabi/10.3.1/thumb/v7e-m+fp/hard/crti.o
                0x0000000008010324                _fini
 .fini          0x0000000008010328        0x8 c:/st/stm32cubeide_1.12.0/stm32cubeide/plugins/com.st.stm32cube.ide.mcu.externaltools.gnu-tools-for-stm32.10.3-2021.10.win32_1.0.200.202301161003/tools/bin/../lib/gcc/arm-none-eabi/10.3.1/thumb/v7e-m+fp/hard/crtn.o
                0x0000000008010330                . = ALIGN (0x4)
                0x0000000008010330                _etext = .

.vfp11_veneer   0x0000000008010330        0x0
 .vfp11_veneer  0x0000000008010330        0x0 linker stubs

.v4_bx          0x0000000008010330        0x0
 .v4_bx         0x0000000008010330        0x0 linker stubs

.iplt           0x0000000008010330        0x0
 .iplt          0x0000000008010330        0x0 c:/st/stm32cubeide_1.12.0/stm32cubeide/plugins/com.st.stm32cube.ide.mcu.externaltools.gnu-tools-for-stm32.10.3-2021.10.win32_1.0.200.202301161003/tools/bin/../lib/gcc/arm-none-eabi/10.3.1/thumb/v7e-m+fp/hard/crtbegin.o

.rodata         0x0000000008010330      0x4bc
                0x0000000008010330                . = ALIGN (0x4)
 *(.rodata)
 .rodata        0x0000000008010330       0x2f ./Core/Src/main.o
 *fill*         0x000000000801035f        0x1 
 .rodata        0x0000000008010360        0x5 ./Middlewares/Third_Party/FreeRTOS/Source/tasks.o
 *fill*         0x0000000008010365        0x3 
 .rodata        0x0000000008010368        0xd ./Middlewares/Third_Party/FreeRTOS/Source/timers.o
 *fill*         0x0000000008010375        0x3 
 .rodata        0x0000000008010378       0x1f ./libs/fm_calendar/fm_calendar.o
 *fill*         0x0000000008010397        0x1 
 .rodata        0x0000000008010398        0xc ./libs/fm_event/fm_event.o
 .rodata        0x00000000080103a4        0xd ./libs/fm_lcd/fm_lcd.o
 *fill*         0x00000000080103b1        0x3 
 .rodata        0x00000000080103b4      0x189 ./libs/fm_menu_config/fm_menu_config.o
 *fill*         0x000000000801053d        0x3 
 .rodata        0x0000000008010540       0x3a ./libs/fm_menu_user/fm_menu_user.o
 *fill*         0x000000000801057a        0x2 
 .rodata        0x000000000801057c        0x7 ./libs/fm_version/fm_version.o
 *(.rodata*)
 *fill*         0x0000000008010583        0x1 
 .rodata.MenuTask_attributes
                0x0000000008010584       0x24 ./Core/Src/main.o
                0x0000000008010584                MenuTask_attributes
 .rodata.DebounceTask_attributes
                0x00000000080105a8       0x24 ./Core/Src/main.o
                0x00000000080105a8                DebounceTask_attributes
 .rodata.debounce_semaphore_attributes
                0x00000000080105cc       0x10 ./Core/Src/main.o
                0x00000000080105cc                debounce_semaphore_attributes
 .rodata.AHBPrescTable
                0x00000000080105dc       0x10 ./Core/Src/system_stm32l4xx.o
                0x00000000080105dc                AHBPrescTable
 .rodata.APBPrescTable
                0x00000000080105ec        0x8 ./Core/Src/system_stm32l4xx.o
                0x00000000080105ec                APBPrescTable
 .rodata.MSIRangeTable
                0x00000000080105f4       0x30 ./Core/Src/system_stm32l4xx.o
                0x00000000080105f4                MSIRangeTable
 .rodata.event_queue_attributes
                0x0000000008010624       0x18 ./libs/fm_event/fm_event.o
                0x0000000008010624                event_queue_attributes
 .rodata.g_scalar
                0x000000000801063c       0x1c ./libs/fmc/fmc.o
 .rodata.__sf_fake_stderr
                0x0000000008010658       0x20 c:/st/stm32cubeide_1.12.0/stm32cubeide/plugins/com.st.stm32cube.ide.mcu.externaltools.gnu-tools-for-stm32.10.3-2021.10.win32_1.0.200.202301161003/tools/bin/../lib/gcc/arm-none-eabi/10.3.1/../../../../arm-none-eabi/lib/thumb/v7e-m+fp/hard\libc_nano.a(lib_a-findfp.o)
                0x0000000008010658                __sf_fake_stderr
 .rodata.__sf_fake_stdin
                0x0000000008010678       0x20 c:/st/stm32cubeide_1.12.0/stm32cubeide/plugins/com.st.stm32cube.ide.mcu.externaltools.gnu-tools-for-stm32.10.3-2021.10.win32_1.0.200.202301161003/tools/bin/../lib/gcc/arm-none-eabi/10.3.1/../../../../arm-none-eabi/lib/thumb/v7e-m+fp/hard\libc_nano.a(lib_a-findfp.o)
                0x0000000008010678                __sf_fake_stdin
 .rodata.__sf_fake_stdout
                0x0000000008010698       0x20 c:/st/stm32cubeide_1.12.0/stm32cubeide/plugins/com.st.stm32cube.ide.mcu.externaltools.gnu-tools-for-stm32.10.3-2021.10.win32_1.0.200.202301161003/tools/bin/../lib/gcc/arm-none-eabi/10.3.1/../../../../arm-none-eabi/lib/thumb/v7e-m+fp/hard\libc_nano.a(lib_a-findfp.o)
                0x0000000008010698                __sf_fake_stdout
 .rodata._ctype_
                0x00000000080106b8      0x101 c:/st/stm32cubeide_1.12.0/stm32cubeide/plugins/com.st.stm32cube.ide.mcu.externaltools.gnu-tools-for-stm32.10.3-2021.10.win32_1.0.200.202301161003/tools/bin/../lib/gcc/arm-none-eabi/10.3.1/../../../../arm-none-eabi/lib/thumb/v7e-m+fp/hard\libc_nano.a(lib_a-ctype_.o)
                0x00000000080106b8                _ctype_
 .rodata._svfprintf_r.str1.1
                0x00000000080107b9       0x11 c:/st/stm32cubeide_1.12.0/stm32cubeide/plugins/com.st.stm32cube.ide.mcu.externaltools.gnu-tools-for-stm32.10.3-2021.10.win32_1.0.200.202301161003/tools/bin/../lib/gcc/arm-none-eabi/10.3.1/../../../../arm-none-eabi/lib/thumb/v7e-m+fp/hard\libc_nano.a(lib_a-nano-svfprintf.o)
 .rodata._printf_i.str1.1
                0x00000000080107ca       0x22 c:/st/stm32cubeide_1.12.0/stm32cubeide/plugins/com.st.stm32cube.ide.mcu.externaltools.gnu-tools-for-stm32.10.3-2021.10.win32_1.0.200.202301161003/tools/bin/../lib/gcc/arm-none-eabi/10.3.1/../../../../arm-none-eabi/lib/thumb/v7e-m+fp/hard\libc_nano.a(lib_a-nano-vfprintf_i.o)
                0x00000000080107ec                . = ALIGN (0x4)

.ARM.extab      0x00000000080107ec        0x0
                0x00000000080107ec                . = ALIGN (0x4)
 *(.ARM.extab* .gnu.linkonce.armextab.*)
                0x00000000080107ec                . = ALIGN (0x4)

.ARM            0x00000000080107ec        0x8
                0x00000000080107ec                . = ALIGN (0x4)
                0x00000000080107ec                __exidx_start = .
 *(.ARM.exidx*)
 .ARM.exidx     0x00000000080107ec        0x8 c:/st/stm32cubeide_1.12.0/stm32cubeide/plugins/com.st.stm32cube.ide.mcu.externaltools.gnu-tools-for-stm32.10.3-2021.10.win32_1.0.200.202301161003/tools/bin/../lib/gcc/arm-none-eabi/10.3.1/thumb/v7e-m+fp/hard\libgcc.a(_udivmoddi4.o)
                0x00000000080107f4                __exidx_end = .
                0x00000000080107f4                . = ALIGN (0x4)

.rel.dyn        0x00000000080107f4        0x0
 .rel.iplt      0x00000000080107f4        0x0 c:/st/stm32cubeide_1.12.0/stm32cubeide/plugins/com.st.stm32cube.ide.mcu.externaltools.gnu-tools-for-stm32.10.3-2021.10.win32_1.0.200.202301161003/tools/bin/../lib/gcc/arm-none-eabi/10.3.1/thumb/v7e-m+fp/hard/crtbegin.o

.preinit_array  0x00000000080107f4        0x0
                0x00000000080107f4                . = ALIGN (0x4)
                0x00000000080107f4                PROVIDE (__preinit_array_start = .)
 *(.preinit_array*)
                0x00000000080107f4                PROVIDE (__preinit_array_end = .)
                0x00000000080107f4                . = ALIGN (0x4)

.init_array     0x00000000080107f4        0x4
                0x00000000080107f4                . = ALIGN (0x4)
                0x00000000080107f4                PROVIDE (__init_array_start = .)
 *(SORT_BY_NAME(.init_array.*))
 *(.init_array*)
 .init_array    0x00000000080107f4        0x4 c:/st/stm32cubeide_1.12.0/stm32cubeide/plugins/com.st.stm32cube.ide.mcu.externaltools.gnu-tools-for-stm32.10.3-2021.10.win32_1.0.200.202301161003/tools/bin/../lib/gcc/arm-none-eabi/10.3.1/thumb/v7e-m+fp/hard/crtbegin.o
                0x00000000080107f8                PROVIDE (__init_array_end = .)
                0x00000000080107f8                . = ALIGN (0x4)

.fini_array     0x00000000080107f8        0x4
                0x00000000080107f8                . = ALIGN (0x4)
                [!provide]                        PROVIDE (__fini_array_start = .)
 *(SORT_BY_NAME(.fini_array.*))
 *(.fini_array*)
 .fini_array    0x00000000080107f8        0x4 c:/st/stm32cubeide_1.12.0/stm32cubeide/plugins/com.st.stm32cube.ide.mcu.externaltools.gnu-tools-for-stm32.10.3-2021.10.win32_1.0.200.202301161003/tools/bin/../lib/gcc/arm-none-eabi/10.3.1/thumb/v7e-m+fp/hard/crtbegin.o
                [!provide]                        PROVIDE (__fini_array_end = .)
                0x00000000080107fc                . = ALIGN (0x4)
                0x00000000080107fc                _sidata = LOADADDR (.data)

.data           0x0000000020000000      0x1b8 load address 0x00000000080107fc
                0x0000000020000000                . = ALIGN (0x4)
                0x0000000020000000                _sdata = .
 *(.data)
 *(.data*)
 .data.SystemCoreClock
                0x0000000020000000        0x4 ./Core/Src/system_stm32l4xx.o
                0x0000000020000000                SystemCoreClock
 .data.uwTickPrio
                0x0000000020000004        0x4 ./Drivers/STM32L4xx_HAL_Driver/Src/stm32l4xx_hal.o