D:/githubs/fmc-320a/libs/fm_menu_config/fm_menu_config.c:65:16:fm_menu_config_date_hour	224	static
D:/githubs/fmc-320a/libs/fm_menu_config/fm_menu_config.c:548:16:fm_menu_config_expansion	64	static
D:/githubs/fmc-320a/libs/fm_menu_config/fm_menu_config.c:599:16:fm_menu_config_k_lin_1	64	static
D:/githubs/fmc-320a/libs/fm_menu_config/fm_menu_config.c:677:16:fm_menu_config_k_lin_2	64	static
D:/githubs/fmc-320a/libs/fm_menu_config/fm_menu_config.c:755:16:fm_menu_config_k_lin_3	64	static
D:/githubs/fmc-320a/libs/fm_menu_config/fm_menu_config.c:833:16:fm_menu_config_k_lin_4	64	static
D:/githubs/fmc-320a/libs/fm_menu_config/fm_menu_config.c:911:16:fm_menu_config_k_lin_5	64	static
D:/githubs/fmc-320a/libs/fm_menu_config/fm_menu_config.c:995:16:fm_menu_config_k_param	56	static
D:/githubs/fmc-320a/libs/fm_menu_config/fm_menu_config.c:1103:16:fm_menu_config_ko_param	56	static
D:/githubs/fmc-320a/libs/fm_menu_config/fm_menu_config.c:1162:16:fm_menu_config_pass	40	static
D:/githubs/fmc-320a/libs/fm_menu_config/fm_menu_config.c:1328:16:fm_menu_config_span	48	static
D:/githubs/fmc-320a/libs/fm_menu_config/fm_menu_config.c:1385:16:fm_menu_config_units_tim	240	static
D:/githubs/fmc-320a/libs/fm_menu_config/fm_menu_config.c:1487:16:fm_menu_config_units_vol	304	static
