13:43:59 **** Incremental Build of configuration Debug for project main ****
make -j12 all 
arm-none-eabi-gcc "D:/githubs/fmc-320a/libs/fm_menu_config/fm_menu_config.c" -mcpu=cortex-m4 -std=gnu11 -g3 -DDEBUG -DUSE_HAL_DRIVER -DSTM32L452xx -c -I../Core/Inc -I../Drivers/STM32L4xx_HAL_Driver/Inc -I../Drivers/STM32L4xx_HAL_Driver/Inc/Legacy -I../Middlewares/Third_Party/FreeRTOS/Source/include -I../Middlewares/Third_Party/FreeRTOS/Source/CMSIS_RTOS_V2 -I../Middlewares/Third_Party/FreeRTOS/Source/portable/GCC/ARM_CM4F -I../Drivers/CMSIS/Device/ST/STM32L4xx/Include -I../Drivers/CMSIS/Include -O0 -ffunction-sections -fdata-sections -Wall -fstack-usage -fcyclomatic-complexity -MMD -MP -MF"libs/fm_menu_config/fm_menu_config.d" -MT"libs/fm_menu_config/fm_menu_config.o" --specs=nano.specs -mfpu=fpv4-sp-d16 -mfloat-abi=hard -mthumb -o "libs/fm_menu_config/fm_menu_config.o"
arm-none-eabi-gcc -o "main.elf" @"objects.list"   -mcpu=cortex-m4 -T"D:\githubs\fmc-320a\main\STM32L452RETX_FLASH.ld" --specs=nosys.specs -Wl,-Map="main.map" -Wl,--gc-sections -static --specs=nano.specs -mfpu=fpv4-sp-d16 -mfloat-abi=hard -mthumb -Wl,--start-group -lc -lm -Wl,--end-group
Finished building target: main.elf
 
arm-none-eabi-size   main.elf 
arm-none-eabi-objdump -h -S  main.elf  > "main.list"
   text	   data	    bss	    dec	    hex	filename
  56780	    300	  16064	  73144	  11db8	main.elf
Finished building: default.size.stdout
 
Finished building: main.list
 
13:44:02 **** Incremental Build of configuration Debug for project main ****
make -j12 all 
arm-none-eabi-size   main.elf 
   text	   data	    bss	    dec	    hex	filename
  56780	    300	  16064	  73144	  11db8	main.elf
Finished building: default.size.stdout
 
